Archive member included to satisfy reference by file (symbol)

c:/program files (x86)/atmel/studio/7.0/toolchain/arm/arm-gnu-toolchain/bin/../lib/gcc/arm-none-eabi/6.3.1/../../../../arm-none-eabi/lib/thumb/v7e-m\libc.a(lib_a-exit.o)
                              c:/program files (x86)/atmel/studio/7.0/toolchain/arm/arm-gnu-toolchain/bin/../lib/gcc/arm-none-eabi/6.3.1/../../../../arm-none-eabi/lib/thumb/v7e-m/crt0.o (exit)
c:/program files (x86)/atmel/studio/7.0/toolchain/arm/arm-gnu-toolchain/bin/../lib/gcc/arm-none-eabi/6.3.1/../../../../arm-none-eabi/lib/thumb/v7e-m\libc.a(lib_a-impure.o)
                              c:/program files (x86)/atmel/studio/7.0/toolchain/arm/arm-gnu-toolchain/bin/../lib/gcc/arm-none-eabi/6.3.1/../../../../arm-none-eabi/lib/thumb/v7e-m\libc.a(lib_a-exit.o) (_global_impure_ptr)
c:/program files (x86)/atmel/studio/7.0/toolchain/arm/arm-gnu-toolchain/bin/../lib/gcc/arm-none-eabi/6.3.1/../../../../arm-none-eabi/lib/thumb/v7e-m\libc.a(lib_a-init.o)
                              c:/program files (x86)/atmel/studio/7.0/toolchain/arm/arm-gnu-toolchain/bin/../lib/gcc/arm-none-eabi/6.3.1/../../../../arm-none-eabi/lib/thumb/v7e-m/crt0.o (__libc_init_array)
c:/program files (x86)/atmel/studio/7.0/toolchain/arm/arm-gnu-toolchain/bin/../lib/gcc/arm-none-eabi/6.3.1/../../../../arm-none-eabi/lib/thumb/v7e-m\libc.a(lib_a-iprintf.o)
                              src/ioport_example3.o (iprintf)
c:/program files (x86)/atmel/studio/7.0/toolchain/arm/arm-gnu-toolchain/bin/../lib/gcc/arm-none-eabi/6.3.1/../../../../arm-none-eabi/lib/thumb/v7e-m\libc.a(lib_a-memset.o)
                              c:/program files (x86)/atmel/studio/7.0/toolchain/arm/arm-gnu-toolchain/bin/../lib/gcc/arm-none-eabi/6.3.1/../../../../arm-none-eabi/lib/thumb/v7e-m/crt0.o (memset)
c:/program files (x86)/atmel/studio/7.0/toolchain/arm/arm-gnu-toolchain/bin/../lib/gcc/arm-none-eabi/6.3.1/../../../../arm-none-eabi/lib/thumb/v7e-m\libc.a(lib_a-puts.o)
                              src/ioport_example3.o (puts)
c:/program files (x86)/atmel/studio/7.0/toolchain/arm/arm-gnu-toolchain/bin/../lib/gcc/arm-none-eabi/6.3.1/../../../../arm-none-eabi/lib/thumb/v7e-m\libc.a(lib_a-setbuf.o)
                              src/ioport_example3.o (setbuf)
c:/program files (x86)/atmel/studio/7.0/toolchain/arm/arm-gnu-toolchain/bin/../lib/gcc/arm-none-eabi/6.3.1/../../../../arm-none-eabi/lib/thumb/v7e-m\libc.a(lib_a-setvbuf.o)
                              c:/program files (x86)/atmel/studio/7.0/toolchain/arm/arm-gnu-toolchain/bin/../lib/gcc/arm-none-eabi/6.3.1/../../../../arm-none-eabi/lib/thumb/v7e-m\libc.a(lib_a-setbuf.o) (setvbuf)
c:/program files (x86)/atmel/studio/7.0/toolchain/arm/arm-gnu-toolchain/bin/../lib/gcc/arm-none-eabi/6.3.1/../../../../arm-none-eabi/lib/thumb/v7e-m\libc.a(lib_a-strlen.o)
                              c:/program files (x86)/atmel/studio/7.0/toolchain/arm/arm-gnu-toolchain/bin/../lib/gcc/arm-none-eabi/6.3.1/../../../../arm-none-eabi/lib/thumb/v7e-m\libc.a(lib_a-puts.o) (strlen)
c:/program files (x86)/atmel/studio/7.0/toolchain/arm/arm-gnu-toolchain/bin/../lib/gcc/arm-none-eabi/6.3.1/../../../../arm-none-eabi/lib/thumb/v7e-m\libc.a(lib_a-vfiprintf.o)
                              c:/program files (x86)/atmel/studio/7.0/toolchain/arm/arm-gnu-toolchain/bin/../lib/gcc/arm-none-eabi/6.3.1/../../../../arm-none-eabi/lib/thumb/v7e-m\libc.a(lib_a-iprintf.o) (_vfiprintf_r)
c:/program files (x86)/atmel/studio/7.0/toolchain/arm/arm-gnu-toolchain/bin/../lib/gcc/arm-none-eabi/6.3.1/../../../../arm-none-eabi/lib/thumb/v7e-m\libc.a(lib_a-wsetup.o)
                              c:/program files (x86)/atmel/studio/7.0/toolchain/arm/arm-gnu-toolchain/bin/../lib/gcc/arm-none-eabi/6.3.1/../../../../arm-none-eabi/lib/thumb/v7e-m\libc.a(lib_a-vfiprintf.o) (__swsetup_r)
c:/program files (x86)/atmel/studio/7.0/toolchain/arm/arm-gnu-toolchain/bin/../lib/gcc/arm-none-eabi/6.3.1/../../../../arm-none-eabi/lib/thumb/v7e-m\libc.a(lib_a-__call_atexit.o)
                              c:/program files (x86)/atmel/studio/7.0/toolchain/arm/arm-gnu-toolchain/bin/../lib/gcc/arm-none-eabi/6.3.1/../../../../arm-none-eabi/lib/thumb/v7e-m\libc.a(lib_a-exit.o) (__call_exitprocs)
c:/program files (x86)/atmel/studio/7.0/toolchain/arm/arm-gnu-toolchain/bin/../lib/gcc/arm-none-eabi/6.3.1/../../../../arm-none-eabi/lib/thumb/v7e-m\libc.a(lib_a-atexit.o)
                              c:/program files (x86)/atmel/studio/7.0/toolchain/arm/arm-gnu-toolchain/bin/../lib/gcc/arm-none-eabi/6.3.1/../../../../arm-none-eabi/lib/thumb/v7e-m\libc.a(lib_a-__call_atexit.o) (atexit)
c:/program files (x86)/atmel/studio/7.0/toolchain/arm/arm-gnu-toolchain/bin/../lib/gcc/arm-none-eabi/6.3.1/../../../../arm-none-eabi/lib/thumb/v7e-m\libc.a(lib_a-fflush.o)
                              c:/program files (x86)/atmel/studio/7.0/toolchain/arm/arm-gnu-toolchain/bin/../lib/gcc/arm-none-eabi/6.3.1/../../../../arm-none-eabi/lib/thumb/v7e-m\libc.a(lib_a-setvbuf.o) (_fflush_r)
[...]
Memory Configuration

Name             Origin             Length             Attributes
rom              0x00400000         0x00200000         xr
ram              0x20400000         0x00060000         xrw
*default*        0x00000000         0xffffffff

Linker script and memory map

LOAD c:/program files (x86)/atmel/studio/7.0/toolchain/arm/arm-gnu-toolchain/bin/../lib/gcc/arm-none-eabi/6.3.1/thumb/v7e-m/crti.o
LOAD c:/program files (x86)/atmel/studio/7.0/toolchain/arm/arm-gnu-toolchain/bin/../lib/gcc/arm-none-eabi/6.3.1/thumb/v7e-m/crtbegin.o
LOAD c:/program files (x86)/atmel/studio/7.0/toolchain/arm/arm-gnu-toolchain/bin/../lib/gcc/arm-none-eabi/6.3.1/../../../../arm-none-eabi/lib/thumb/v7e-m/crt0.o
LOAD src/ASF/common/utils/stdio/read.o
LOAD src/ASF/sam/drivers/tc/tc.o
LOAD src/ASF/sam/drivers/usart/usart.o
LOAD src/ASF/common/utils/stdio/write.o
LOAD src/ASF/common/services/serial/usart_serial.o
LOAD src/ASF/sam/drivers/uart/uart.o
LOAD src/ASF/common/services/clock/same70/sysclk.o
LOAD src/ASF/common/utils/interrupt/interrupt_sam_nvic.o
LOAD src/ASF/sam/boards/same70_xplained/init.o
LOAD src/ASF/sam/drivers/mpu/mpu.o
LOAD src/ASF/sam/drivers/pio/pio.o
LOAD src/ASF/sam/drivers/pio/pio_handler.o
LOAD src/ASF/sam/drivers/pmc/pmc.o
LOAD src/ASF/sam/drivers/pmc/sleep.o
LOAD src/ASF/sam/utils/cmsis/same70/source/templates/gcc/startup_same70.o
LOAD src/ASF/sam/utils/cmsis/same70/source/templates/system_same70.o
LOAD src/ASF/sam/utils/syscalls/gcc/syscalls.o
LOAD src/ioport_example3.o
START GROUP
LOAD ../src/ASF/thirdparty/CMSIS/Lib/GCC\libarm_cortexM7lfsp_math_softfp.a
LOAD c:/program files (x86)/atmel/studio/7.0/toolchain/arm/arm-gnu-toolchain/bin/../lib/gcc/arm-none-eabi/6.3.1/../../../../arm-none-eabi/lib/thumb/v7e-m\libm.a
END GROUP
START GROUP
LOAD c:/program files (x86)/atmel/studio/7.0/toolchain/arm/arm-gnu-toolchain/bin/../lib/gcc/arm-none-eabi/6.3.1/thumb/v7e-m\libgcc.a
LOAD c:/program files (x86)/atmel/studio/7.0/toolchain/arm/arm-gnu-toolchain/bin/../lib/gcc/arm-none-eabi/6.3.1/../../../../arm-none-eabi/lib/thumb/v7e-m\libc.a
END GROUP
LOAD c:/program files (x86)/atmel/studio/7.0/toolchain/arm/arm-gnu-toolchain/bin/../lib/gcc/arm-none-eabi/6.3.1/thumb/v7e-m/crtend.o
LOAD c:/program files (x86)/atmel/studio/7.0/toolchain/arm/arm-gnu-toolchain/bin/../lib/gcc/arm-none-eabi/6.3.1/thumb/v7e-m/crtn.o
                0x00002000                STACK_SIZE = DEFINED (STACK_SIZE)?STACK_SIZE:0x2000
                0x2045fffc                __ram_end__ = ((ORIGIN (ram) + LENGTH (ram)) - 0x4)
                0x00000200                HEAP_SIZE = DEFINED (HEAP_SIZE)?HEAP_SIZE:0x200

.text           0x00400000     0x41b8
                0x00400000                . = ALIGN (0x4)
                0x00400000                _sfixed = .
 *(.vectors .vectors.*)
 .vectors       0x00400000      0x168 src/ASF/sam/utils/cmsis/same70/source/templates/gcc/startup_same70.o
                0x00400000                exception_table
 *(.text .text.* .gnu.linkonce.t.*)
 .text          0x00400168       0x6c c:/program files (x86)/atmel/studio/7.0/toolchain/arm/arm-gnu-toolchain/bin/../lib/gcc/arm-none-eabi/6.3.1/thumb/v7e-m/crtbegin.o
 .text._read    0x004001d4       0x3c src/ASF/common/utils/stdio/read.o
                0x004001d4                _read
 .text.usart_set_async_baudrate
                0x00400210       0x5a src/ASF/sam/drivers/usart/usart.o
                0x00400210                usart_set_async_baudrate
 *fill*         0x0040026a        0x2 
 .text.usart_reset
                0x0040026c       0x28 src/ASF/sam/drivers/usart/usart.o
                0x0040026c                usart_reset
 .text.usart_init_rs232
                0x00400294       0x54 src/ASF/sam/drivers/usart/usart.o
                0x00400294                usart_init_rs232
 .text.usart_enable_tx
                0x004002e8        0x6 src/ASF/sam/drivers/usart/usart.o
                0x004002e8                usart_enable_tx
 .text.usart_enable_rx
                0x004002ee        0x6 src/ASF/sam/drivers/usart/usart.o
                0x004002ee                usart_enable_rx
 .text.usart_write
                0x004002f4       0x16 src/ASF/sam/drivers/usart/usart.o
                0x004002f4                usart_write
 .text.usart_read
                0x0040030a       0x18 src/ASF/sam/drivers/usart/usart.o
                0x0040030a                usart_read
 *fill*         0x00400322        0x2 
 .text._write   0x00400324       0x50 src/ASF/common/utils/stdio/write.o
                0x00400324                _write
 .text.uart_write
                0x00400374       0x12 src/ASF/sam/drivers/uart/uart.o
                0x00400374                uart_write
 .text.uart_read
                0x00400386       0x14 src/ASF/sam/drivers/uart/uart.o
                0x00400386                uart_read
 *fill*         0x0040039a        0x2 
 .text.sysclk_init
                0x0040039c       0x74 src/ASF/common/services/clock/same70/sysclk.o
                0x0040039c                sysclk_init
 .text.board_init
                0x00400410      0x110 src/ASF/sam/boards/same70_xplained/init.o
                0x00400410                board_init
 .text.pio_get_interrupt_status
                0x00400520        0x4 src/ASF/sam/drivers/pio/pio.o
                0x00400520                pio_get_interrupt_status
 .text.pio_get_interrupt_mask
                0x00400524        0x4 src/ASF/sam/drivers/pio/pio.o
                0x00400524                pio_get_interrupt_mask
 .text.pio_handler_process
                0x00400528       0x50 src/ASF/sam/drivers/pio/pio_handler.o
                0x00400528                pio_handler_process
 .text.PIOA_Handler
                0x00400578       0x14 src/ASF/sam/drivers/pio/pio_handler.o
                0x00400578                PIOA_Handler
 .text.PIOB_Handler
                0x0040058c       0x14 src/ASF/sam/drivers/pio/pio_handler.o
                0x0040058c                PIOB_Handler
 .text.PIOC_Handler
                0x004005a0       0x14 src/ASF/sam/drivers/pio/pio_handler.o
                0x004005a0                PIOC_Handler
 .text.PIOD_Handler
                0x004005b4       0x14 src/ASF/sam/drivers/pio/pio_handler.o
                0x004005b4                PIOD_Handler
 .text.PIOE_Handler
                0x004005c8       0x14 src/ASF/sam/drivers/pio/pio_handler.o
                0x004005c8                PIOE_Handler
 .text.pmc_mck_set_division
                0x004005dc       0x38 src/ASF/sam/drivers/pmc/pmc.o
                0x004005dc                pmc_mck_set_division
 .text.pmc_switch_mck_to_pllack
                0x00400614       0x64 src/ASF/sam/drivers/pmc/pmc.o
                0x00400614                pmc_switch_mck_to_pllack
 .text.pmc_switch_mainck_to_xtal
                0x00400678       0x54 src/ASF/sam/drivers/pmc/pmc.o
                0x00400678                pmc_switch_mainck_to_xtal
 .text.pmc_osc_is_ready_mainck
                0x004006cc       0x10 src/ASF/sam/drivers/pmc/pmc.o
                0x004006cc                pmc_osc_is_ready_mainck
 .text.pmc_disable_pllack
                0x004006dc       0x10 src/ASF/sam/drivers/pmc/pmc.o
                0x004006dc                pmc_disable_pllack
 .text.pmc_is_locked_pllack
                0x004006ec       0x10 src/ASF/sam/drivers/pmc/pmc.o
                0x004006ec                pmc_is_locked_pllack
 .text.pmc_enable_periph_clk
                0x004006fc       0x20 src/ASF/sam/drivers/pmc/pmc.o
                0x004006fc                pmc_enable_periph_clk
 .text.Dummy_Handler
                0x0040071c        0x2 src/ASF/sam/utils/cmsis/same70/source/templates/gcc/startup_same70.o
                0x0040071c                DACC_Handler
                0x0040071c                DebugMon_Handler
                0x0040071c                UART3_Handler
                0x0040071c                UART2_Handler
                0x0040071c                TRNG_Handler
                0x0040071c                HardFault_Handler
                0x0040071c                TC2_Handler
                0x0040071c                AFEC1_Handler
                0x0040071c                PendSV_Handler
                0x0040071c                NMI_Handler
                0x0040071c                TC7_Handler
                0x0040071c                QSPI_Handler
                0x0040071c                ISI_Handler
                0x0040071c                MCAN0_INT0_Handler
                0x0040071c                TC9_Handler
                0x0040071c                RSWDT_Handler
                0x0040071c                USART0_Handler
                0x0040071c                RTT_Handler
                0x0040071c                USBHS_Handler
                0x0040071c                IXC_Handler
                0x0040071c                CCF_Handler
                0x0040071c                RTC_Handler
                0x0040071c                UsageFault_Handler
                0x0040071c                TC6_Handler
                0x0040071c                WDT_Handler
                0x0040071c                MCAN1_INT1_Handler
                0x0040071c                TC4_Handler
                0x0040071c                TC1_Handler
                0x0040071c                HSMCI_Handler
                0x0040071c                UART1_Handler
                0x0040071c                TC3_Handler
                0x0040071c                Dummy_Handler
                0x0040071c                TWIHS1_Handler
                0x0040071c                XDMAC_Handler
                0x0040071c                UART4_Handler
                0x0040071c                PWM1_Handler
                0x0040071c                USART1_Handler
                0x0040071c                PWM0_Handler
                0x0040071c                AFEC0_Handler
                0x0040071c                CCW_Handler
                0x0040071c                SSC_Handler
                0x0040071c                TC11_Handler
                0x0040071c                ACC_Handler
                0x0040071c                PMC_Handler
                0x0040071c                GMAC_Handler
                0x0040071c                MCAN0_INT1_Handler
                0x0040071c                GMAC_Q5_Handler
                0x0040071c                MemManage_Handler
                0x0040071c                SUPC_Handler
                0x0040071c                SVC_Handler
                0x0040071c                TC8_Handler
                0x0040071c                MCAN1_INT0_Handler
                0x0040071c                EFC_Handler
                0x0040071c                GMAC_Q1_Handler
                0x0040071c                USART2_Handler
                0x0040071c                SDRAMC_Handler
                0x0040071c                GMAC_Q2_Handler
                0x0040071c                SPI1_Handler
                0x0040071c                TC10_Handler
                0x0040071c                GMAC_Q3_Handler
                0x0040071c                TWIHS2_Handler
                0x0040071c                I2SC0_Handler
                0x0040071c                UART0_Handler
                0x0040071c                I2SC1_Handler
                0x0040071c                GMAC_Q4_Handler
                0x0040071c                FPU_Handler
                0x0040071c                BusFault_Handler
                0x0040071c                RSTC_Handler
                0x0040071c                TC0_Handler
                0x0040071c                TC5_Handler
                0x0040071c                ICM_Handler
                0x0040071c                AES_Handler
                0x0040071c                TWIHS0_Handler
                0x0040071c                SPI0_Handler
 *fill*         0x0040071e        0x2 
 .text.Reset_Handler
                0x00400720       0xc8 src/ASF/sam/utils/cmsis/same70/source/templates/gcc/startup_same70.o
                0x00400720                Reset_Handler
 .text.SystemCoreClockUpdate
                0x004007e8      0x10c src/ASF/sam/utils/cmsis/same70/source/templates/system_same70.o
                0x004007e8                SystemCoreClockUpdate
 .text.system_init_flash
                0x004008f4       0x8c src/ASF/sam/utils/cmsis/same70/source/templates/system_same70.o
                0x004008f4                system_init_flash
 .text._sbrk    0x00400980       0x38 src/ASF/sam/utils/syscalls/gcc/syscalls.o
                0x00400980                _sbrk
 .text._close   0x004009b8        0x6 src/ASF/sam/utils/syscalls/gcc/syscalls.o
                0x004009b8                _close
 .text._fstat   0x004009be        0xa src/ASF/sam/utils/syscalls/gcc/syscalls.o
                0x004009be                _fstat
 .text._isatty  0x004009c8        0x4 src/ASF/sam/utils/syscalls/gcc/syscalls.o
                0x004009c8                _isatty
 .text._lseek   0x004009cc        0x4 src/ASF/sam/utils/syscalls/gcc/syscalls.o
                0x004009cc                _lseek
 .text.mdelay   0x004009d0       0x14 src/ioport_example3.o
 .text.usart_serial_getchar
                0x004009e4       0xdc src/ioport_example3.o
 .text.usart_serial_putchar
                0x00400ac0       0xd4 src/ioport_example3.o
 .text.SysTick_Handler
                0x00400b94       0x10 src/ioport_example3.o
                0x00400b94                SysTick_Handler
 .text.main     0x00400ba4      0x3cc src/ioport_example3.o
                0x00400ba4                main
 .text.__libc_init_array
                0x00400f70       0x50 c:/program files (x86)/atmel/studio/7.0/toolchain/arm/arm-gnu-toolchain/bin/../lib/gcc/arm-none-eabi/6.3.1/../../../../arm-none-eabi/lib/thumb/v7e-m\libc.a(lib_a-init.o)
                0x00400f70                __libc_init_array
 .text.iprintf  0x00400fc0       0x28 c:/program files (x86)/atmel/studio/7.0/toolchain/arm/arm-gnu-toolchain/bin/../lib/gcc/arm-none-eabi/6.3.1/../../../../arm-none-eabi/lib/thumb/v7e-m\libc.a(lib_a-iprintf.o)
                0x00400fc0                iprintf
 .text.memset   0x00400fe8       0x9c c:/program files (x86)/atmel/studio/7.0/toolchain/arm/arm-gnu-toolchain/bin/../lib/gcc/arm-none-eabi/6.3.1/../../../../arm-none-eabi/lib/thumb/v7e-m\libc.a(lib_a-memset.o)
                0x00400fe8                memset
 .text._puts_r  0x00401084       0x9c c:/program files (x86)/atmel/studio/7.0/toolchain/arm/arm-gnu-toolchain/bin/../lib/gcc/arm-none-eabi/6.3.1/../../../../arm-none-eabi/lib/thumb/v7e-m\libc.a(lib_a-puts.o)
                0x00401084                _puts_r
 .text.puts     0x00401120       0x10 c:/program files (x86)/atmel/studio/7.0/toolchain/arm/arm-gnu-toolchain/bin/../lib/gcc/arm-none-eabi/6.3.1/../../../../arm-none-eabi/lib/thumb/v7e-m\libc.a(lib_a-puts.o)
                0x00401120                puts
 .text.setbuf   0x00401130       0x10 c:/program files (x86)/atmel/studio/7.0/toolchain/arm/arm-gnu-toolchain/bin/../lib/gcc/arm-none-eabi/6.3.1/../../../../arm-none-eabi/lib/thumb/v7e-m\libc.a(lib_a-setbuf.o)
                0x00401130                setbuf
 .text.setvbuf  0x00401140      0x190 c:/program files (x86)/atmel/studio/7.0/toolchain/arm/arm-gnu-toolchain/bin/../lib/gcc/arm-none-eabi/6.3.1/../../../../arm-none-eabi/lib/thumb/v7e-m\libc.a(lib_a-setvbuf.o)
                0x00401140                setvbuf
 *fill*         0x004012d0       0x30 
 .text          0x00401300       0xdc c:/program files (x86)/atmel/studio/7.0/toolchain/arm/arm-gnu-toolchain/bin/../lib/gcc/arm-none-eabi/6.3.1/../../../../arm-none-eabi/lib/thumb/v7e-m\libc.a(lib_a-strlen.o)
                0x00401300                strlen
 .text.__sprint_r.part.0
                0x004013dc       0x80 c:/program files (x86)/atmel/studio/7.0/toolchain/arm/arm-gnu-toolchain/bin/../lib/gcc/arm-none-eabi/6.3.1/../../../../arm-none-eabi/lib/thumb/v7e-m\libc.a(lib_a-vfiprintf.o)
 .text._vfiprintf_r
                0x0040145c      0xc90 c:/program files (x86)/atmel/studio/7.0/toolchain/arm/arm-gnu-toolchain/bin/../lib/gcc/arm-none-eabi/6.3.1/../../../../arm-none-eabi/lib/thumb/v7e-m\libc.a(lib_a-vfiprintf.o)
                0x0040145c                _vfiprintf_r
 .text.__sbprintf
                0x004020ec       0x84 c:/program files (x86)/atmel/studio/7.0/toolchain/arm/arm-gnu-toolchain/bin/../lib/gcc/arm-none-eabi/6.3.1/../../../../arm-none-eabi/lib/thumb/v7e-m\libc.a(lib_a-vfiprintf.o)
 .text.__swsetup_r
                0x00402170       0xc8 c:/program files (x86)/atmel/studio/7.0/toolchain/arm/arm-gnu-toolchain/bin/../lib/gcc/arm-none-eabi/6.3.1/../../../../arm-none-eabi/lib/thumb/v7e-m\libc.a(lib_a-wsetup.o)
                0x00402170                __swsetup_r
 .text.startup.register_fini
                0x00402238       0x14 c:/program files (x86)/atmel/studio/7.0/toolchain/arm/arm-gnu-toolchain/bin/../lib/gcc/arm-none-eabi/6.3.1/../../../../arm-none-eabi/lib/thumb/v7e-m\libc.a(lib_a-__call_atexit.o)
 .text.atexit   0x0040224c        0xc c:/program files (x86)/atmel/studio/7.0/toolchain/arm/arm-gnu-toolchain/bin/../lib/gcc/arm-none-eabi/6.3.1/../../../../arm-none-eabi/lib/thumb/v7e-m\libc.a(lib_a-atexit.o)
                0x0040224c                atexit
 .text.__sflush_r
                0x00402258      0x140 c:/program files (x86)/atmel/studio/7.0/toolchain/arm/arm-gnu-toolchain/bin/../lib/gcc/arm-none-eabi/6.3.1/../../../../arm-none-eabi/lib/thumb/v7e-m\libc.a(lib_a-fflush.o)
                0x00402258                __sflush_r
 .text._fflush_r
                0x00402398       0x54 c:/program files (x86)/atmel/studio/7.0/toolchain/arm/arm-gnu-toolchain/bin/../lib/gcc/arm-none-eabi/6.3.1/../../../../arm-none-eabi/lib/thumb/v7e-m\libc.a(lib_a-fflush.o)
                0x00402398                _fflush_r
 .text._cleanup_r
                0x004023ec        0xc c:/program files (x86)/atmel/studio/7.0/toolchain/arm/arm-gnu-toolchain/bin/../lib/gcc/arm-none-eabi/6.3.1/../../../../arm-none-eabi/lib/thumb/v7e-m\libc.a(lib_a-findfp.o)
                0x004023ec                _cleanup_r
 .text.std.isra.0
                0x004023f8       0x50 c:/program files (x86)/atmel/studio/7.0/toolchain/arm/arm-gnu-toolchain/bin/../lib/gcc/arm-none-eabi/6.3.1/../../../../arm-none-eabi/lib/thumb/v7e-m\libc.a(lib_a-findfp.o)
 .text.__sinit  0x00402448       0x58 c:/program files (x86)/atmel/studio/7.0/toolchain/arm/arm-gnu-toolchain/bin/../lib/gcc/arm-none-eabi/6.3.1/../../../../arm-none-eabi/lib/thumb/v7e-m\libc.a(lib_a-findfp.o)
                0x00402448                __sinit
 .text.__sfp_lock_acquire
                0x004024a0        0xc c:/program files (x86)/atmel/studio/7.0/toolchain/arm/arm-gnu-toolchain/bin/../lib/gcc/arm-none-eabi/6.3.1/../../../../arm-none-eabi/lib/thumb/v7e-m\libc.a(lib_a-findfp.o)
                0x004024a0                __sfp_lock_acquire
 .text.__sfp_lock_release
                0x004024ac        0xc c:/program files (x86)/atmel/studio/7.0/toolchain/arm/arm-gnu-toolchain/bin/../lib/gcc/arm-none-eabi/6.3.1/../../../../arm-none-eabi/lib/thumb/v7e-m\libc.a(lib_a-findfp.o)
                0x004024ac                __sfp_lock_release
 .text.__libc_fini_array
                0x004024b8       0x34 c:/program files (x86)/atmel/studio/7.0/toolchain/arm/arm-gnu-toolchain/bin/../lib/gcc/arm-none-eabi/6.3.1/../../../../arm-none-eabi/lib/thumb/v7e-m\libc.a(lib_a-fini.o)
                0x004024b8                __libc_fini_array
 .text.__fputwc
                0x004024ec       0xa0 c:/program files (x86)/atmel/studio/7.0/toolchain/arm/arm-gnu-toolchain/bin/../lib/gcc/arm-none-eabi/6.3.1/../../../../arm-none-eabi/lib/thumb/v7e-m\libc.a(lib_a-fputwc.o)
                0x004024ec                __fputwc
 .text._fputwc_r
                0x0040258c       0x68 c:/program files (x86)/atmel/studio/7.0/toolchain/arm/arm-gnu-toolchain/bin/../lib/gcc/arm-none-eabi/6.3.1/../../../../arm-none-eabi/lib/thumb/v7e-m\libc.a(lib_a-fputwc.o)
                0x0040258c                _fputwc_r
 .text._malloc_trim_r
                0x004025f4       0xa0 c:/program files (x86)/atmel/studio/7.0/toolchain/arm/arm-gnu-toolchain/bin/../lib/gcc/arm-none-eabi/6.3.1/../../../../arm-none-eabi/lib/thumb/v7e-m\libc.a(lib_a-freer.o)
                0x004025f4                _malloc_trim_r
 .text._free_r  0x00402694      0x1cc c:/program files (x86)/atmel/studio/7.0/toolchain/arm/arm-gnu-toolchain/bin/../lib/gcc/arm-none-eabi/6.3.1/../../../../arm-none-eabi/lib/thumb/v7e-m\libc.a(lib_a-freer.o)
                0x00402694                _free_r
 .text.__sfvwrite_r
                0x00402860      0x2f0 c:/program files (x86)/atmel/studio/7.0/toolchain/arm/arm-gnu-toolchain/bin/../lib/gcc/arm-none-eabi/6.3.1/../../../../arm-none-eabi/lib/thumb/v7e-m\libc.a(lib_a-fvwrite.o)
                0x00402860                __sfvwrite_r
 .text._fwalk_reent
                0x00402b50       0x54 c:/program files (x86)/atmel/studio/7.0/toolchain/arm/arm-gnu-toolchain/bin/../lib/gcc/arm-none-eabi/6.3.1/../../../../arm-none-eabi/lib/thumb/v7e-m\libc.a(lib_a-fwalk.o)
                0x00402b50                _fwalk_reent
 .text.__locale_mb_cur_max
                0x00402ba4       0x1c c:/program files (x86)/atmel/studio/7.0/toolchain/arm/arm-gnu-toolchain/bin/../lib/gcc/arm-none-eabi/6.3.1/../../../../arm-none-eabi/lib/thumb/v7e-m\libc.a(lib_a-locale.o)
                0x00402ba4                __locale_mb_cur_max
 .text.__retarget_lock_init_recursive
                0x00402bc0        0x4 c:/program files (x86)/atmel/studio/7.0/toolchain/arm/arm-gnu-toolchain/bin/../lib/gcc/arm-none-eabi/6.3.1/../../../../arm-none-eabi/lib/thumb/v7e-m\libc.a(lib_a-lock.o)
                0x00402bc0                __retarget_lock_init_recursive
 .text.__retarget_lock_close_recursive
                0x00402bc4        0x4 c:/program files (x86)/atmel/studio/7.0/toolchain/arm/arm-gnu-toolchain/bin/../lib/gcc/arm-none-eabi/6.3.1/../../../../arm-none-eabi/lib/thumb/v7e-m\libc.a(lib_a-lock.o)
                0x00402bc4                __retarget_lock_close_recursive
 .text.__retarget_lock_acquire_recursive
                0x00402bc8        0x4 c:/program files (x86)/atmel/studio/7.0/toolchain/arm/arm-gnu-toolchain/bin/../lib/gcc/arm-none-eabi/6.3.1/../../../../arm-none-eabi/lib/thumb/v7e-m\libc.a(lib_a-lock.o)
                0x00402bc8                __retarget_lock_acquire_recursive
 .text.__retarget_lock_release_recursive
                0x00402bcc        0x4 c:/program files (x86)/atmel/studio/7.0/toolchain/arm/arm-gnu-toolchain/bin/../lib/gcc/arm-none-eabi/6.3.1/../../../../arm-none-eabi/lib/thumb/v7e-m\libc.a(lib_a-lock.o)
                0x00402bcc                __retarget_lock_release_recursive
 .text.__swhatbuf_r
                0x00402bd0       0x5c c:/program files (x86)/atmel/studio/7.0/toolchain/arm/arm-gnu-toolchain/bin/../lib/gcc/arm-none-eabi/6.3.1/../../../../arm-none-eabi/lib/thumb/v7e-m\libc.a(lib_a-makebuf.o)
                0x00402bd0                __swhatbuf_r
 .text.__smakebuf_r
                0x00402c2c       0x94 c:/program files (x86)/atmel/studio/7.0/toolchain/arm/arm-gnu-toolchain/bin/../lib/gcc/arm-none-eabi/6.3.1/../../../../arm-none-eabi/lib/thumb/v7e-m\libc.a(lib_a-makebuf.o)
                0x00402c2c                __smakebuf_r
 .text.malloc   0x00402cc0       0x10 c:/program files (x86)/atmel/studio/7.0/toolchain/arm/arm-gnu-toolchain/bin/../lib/gcc/arm-none-eabi/6.3.1/../../../../arm-none-eabi/lib/thumb/v7e-m\libc.a(lib_a-malloc.o)
                0x00402cc0                malloc
 .text._malloc_r
                0x00402cd0      0x560 c:/program files (x86)/atmel/studio/7.0/toolchain/arm/arm-gnu-toolchain/bin/../lib/gcc/arm-none-eabi/6.3.1/../../../../arm-none-eabi/lib/thumb/v7e-m\libc.a(lib_a-mallocr.o)
                0x00402cd0                _malloc_r
 .text.__ascii_mbtowc
                0x00403230       0x2c c:/program files (x86)/atmel/studio/7.0/toolchain/arm/arm-gnu-toolchain/bin/../lib/gcc/arm-none-eabi/6.3.1/../../../../arm-none-eabi/lib/thumb/v7e-m\libc.a(lib_a-mbtowc_r.o)
                0x00403230                __ascii_mbtowc
 *fill*         0x0040325c        0x4 
 .text          0x00403260       0xa0 c:/program files (x86)/atmel/studio/7.0/toolchain/arm/arm-gnu-toolchain/bin/../lib/gcc/arm-none-eabi/6.3.1/../../../../arm-none-eabi/lib/thumb/v7e-m\libc.a(lib_a-memchr.o)
                0x00403260                memchr
 .text          0x00403300      0x134 c:/program files (x86)/atmel/studio/7.0/toolchain/arm/arm-gnu-toolchain/bin/../lib/gcc/arm-none-eabi/6.3.1/../../../../arm-none-eabi/lib/thumb/v7e-m\libc.a(lib_a-memcpy.o)
                0x00403300                memcpy
 .text.memmove  0x00403434       0xc8 c:/program files (x86)/atmel/studio/7.0/toolchain/arm/arm-gnu-toolchain/bin/../lib/gcc/arm-none-eabi/6.3.1/../../../../arm-none-eabi/lib/thumb/v7e-m\libc.a(lib_a-memmove.o)
                0x00403434                memmove
 .text.__malloc_lock
                0x004034fc        0xc c:/program files (x86)/atmel/studio/7.0/toolchain/arm/arm-gnu-toolchain/bin/../lib/gcc/arm-none-eabi/6.3.1/../../../../arm-none-eabi/lib/thumb/v7e-m\libc.a(lib_a-mlock.o)
                0x004034fc                __malloc_lock
 .text.__malloc_unlock
                0x00403508        0xc c:/program files (x86)/atmel/studio/7.0/toolchain/arm/arm-gnu-toolchain/bin/../lib/gcc/arm-none-eabi/6.3.1/../../../../arm-none-eabi/lib/thumb/v7e-m\libc.a(lib_a-mlock.o)
                0x00403508                __malloc_unlock
 .text._realloc_r
                0x00403514      0x34c c:/program files (x86)/atmel/studio/7.0/toolchain/arm/arm-gnu-toolchain/bin/../lib/gcc/arm-none-eabi/6.3.1/../../../../arm-none-eabi/lib/thumb/v7e-m\libc.a(lib_a-reallocr.o)
                0x00403514                _realloc_r
 .text._sbrk_r  0x00403860       0x24 c:/program files (x86)/atmel/studio/7.0/toolchain/arm/arm-gnu-toolchain/bin/../lib/gcc/arm-none-eabi/6.3.1/../../../../arm-none-eabi/lib/thumb/v7e-m\libc.a(lib_a-sbrkr.o)
                0x00403860                _sbrk_r
 .text.__sread  0x00403884       0x24 c:/program files (x86)/atmel/studio/7.0/toolchain/arm/arm-gnu-toolchain/bin/../lib/gcc/arm-none-eabi/6.3.1/../../../../arm-none-eabi/lib/thumb/v7e-m\libc.a(lib_a-stdio.o)
                0x00403884                __sread
 .text.__swrite
                0x004038a8       0x3c c:/program files (x86)/atmel/studio/7.0/toolchain/arm/arm-gnu-toolchain/bin/../lib/gcc/arm-none-eabi/6.3.1/../../../../arm-none-eabi/lib/thumb/v7e-m\libc.a(lib_a-stdio.o)
                0x004038a8                __swrite
 .text.__sseek  0x004038e4       0x20 c:/program files (x86)/atmel/studio/7.0/toolchain/arm/arm-gnu-toolchain/bin/../lib/gcc/arm-none-eabi/6.3.1/../../../../arm-none-eabi/lib/thumb/v7e-m\libc.a(lib_a-stdio.o)
                0x004038e4                __sseek
 .text.__sclose
                0x00403904        0x8 c:/program files (x86)/atmel/studio/7.0/toolchain/arm/arm-gnu-toolchain/bin/../lib/gcc/arm-none-eabi/6.3.1/../../../../arm-none-eabi/lib/thumb/v7e-m\libc.a(lib_a-stdio.o)
                0x00403904                __sclose
 .text.__swbuf_r
                0x0040390c       0xb0 c:/program files (x86)/atmel/studio/7.0/toolchain/arm/arm-gnu-toolchain/bin/../lib/gcc/arm-none-eabi/6.3.1/../../../../arm-none-eabi/lib/thumb/v7e-m\libc.a(lib_a-wbuf.o)
                0x0040390c                __swbuf_r
 .text._wcrtomb_r
                0x004039bc       0x54 c:/program files (x86)/atmel/studio/7.0/toolchain/arm/arm-gnu-toolchain/bin/../lib/gcc/arm-none-eabi/6.3.1/../../../../arm-none-eabi/lib/thumb/v7e-m\libc.a(lib_a-wcrtomb.o)
                0x004039bc                _wcrtomb_r
 .text.__ascii_wctomb
                0x00403a10       0x1c c:/program files (x86)/atmel/studio/7.0/toolchain/arm/arm-gnu-toolchain/bin/../lib/gcc/arm-none-eabi/6.3.1/../../../../arm-none-eabi/lib/thumb/v7e-m\libc.a(lib_a-wctomb_r.o)
                0x00403a10                __ascii_wctomb
 .text._write_r
                0x00403a2c       0x2c c:/program files (x86)/atmel/studio/7.0/toolchain/arm/arm-gnu-toolchain/bin/../lib/gcc/arm-none-eabi/6.3.1/../../../../arm-none-eabi/lib/thumb/v7e-m\libc.a(lib_a-writer.o)
                0x00403a2c                _write_r
 .text.__register_exitproc
                0x00403a58       0xc4 c:/program files (x86)/atmel/studio/7.0/toolchain/arm/arm-gnu-toolchain/bin/../lib/gcc/arm-none-eabi/6.3.1/../../../../arm-none-eabi/lib/thumb/v7e-m\libc.a(lib_a-__atexit.o)
                0x00403a58                __register_exitproc
 .text._close_r
                0x00403b1c       0x24 c:/program files (x86)/atmel/studio/7.0/toolchain/arm/arm-gnu-toolchain/bin/../lib/gcc/arm-none-eabi/6.3.1/../../../../arm-none-eabi/lib/thumb/v7e-m\libc.a(lib_a-closer.o)
                0x00403b1c                _close_r
 .text._fclose_r
                0x00403b40       0xc4 c:/program files (x86)/atmel/studio/7.0/toolchain/arm/arm-gnu-toolchain/bin/../lib/gcc/arm-none-eabi/6.3.1/../../../../arm-none-eabi/lib/thumb/v7e-m\libc.a(lib_a-fclose.o)
                0x00403b40                _fclose_r
 .text._fstat_r
                0x00403c04       0x28 c:/program files (x86)/atmel/studio/7.0/toolchain/arm/arm-gnu-toolchain/bin/../lib/gcc/arm-none-eabi/6.3.1/../../../../arm-none-eabi/lib/thumb/v7e-m\libc.a(lib_a-fstatr.o)
                0x00403c04                _fstat_r
 .text._isatty_r
                0x00403c2c       0x24 c:/program files (x86)/atmel/studio/7.0/toolchain/arm/arm-gnu-toolchain/bin/../lib/gcc/arm-none-eabi/6.3.1/../../../../arm-none-eabi/lib/thumb/v7e-m\libc.a(lib_a-isattyr.o)
                0x00403c2c                _isatty_r
 .text._lseek_r
                0x00403c50       0x2c c:/program files (x86)/atmel/studio/7.0/toolchain/arm/arm-gnu-toolchain/bin/../lib/gcc/arm-none-eabi/6.3.1/../../../../arm-none-eabi/lib/thumb/v7e-m\libc.a(lib_a-lseekr.o)
                0x00403c50                _lseek_r
 .text._read_r  0x00403c7c       0x2c c:/program files (x86)/atmel/studio/7.0/toolchain/arm/arm-gnu-toolchain/bin/../lib/gcc/arm-none-eabi/6.3.1/../../../../arm-none-eabi/lib/thumb/v7e-m\libc.a(lib_a-readr.o)
                0x00403c7c                _read_r
 .text          0x00403ca8       0x30 c:/program files (x86)/atmel/studio/7.0/toolchain/arm/arm-gnu-toolchain/bin/../lib/gcc/arm-none-eabi/6.3.1/thumb/v7e-m\libgcc.a(_aeabi_uldivmod.o)
                0x00403ca8                __aeabi_uldivmod
 .text          0x00403cd8      0x2dc c:/program files (x86)/atmel/studio/7.0/toolchain/arm/arm-gnu-toolchain/bin/../lib/gcc/arm-none-eabi/6.3.1/thumb/v7e-m\libgcc.a(_udivmoddi4.o)
                0x00403cd8                __udivmoddi4
 .text          0x00403fb4        0x4 c:/program files (x86)/atmel/studio/7.0/toolchain/arm/arm-gnu-toolchain/bin/../lib/gcc/arm-none-eabi/6.3.1/thumb/v7e-m\libgcc.a(_dvmd_tls.o)
                0x00403fb4                __aeabi_idiv0
                0x00403fb4                __aeabi_ldiv0
 *(.glue_7t)
 .glue_7t       0x00403fb8        0x0 linker stubs
 *(.glue_7)
 .glue_7        0x00403fb8        0x0 linker stubs
 *(.rodata .rodata* .gnu.linkonce.r.*)
 .rodata.main.str1.4
                0x00403fb8       0x72 src/ioport_example3.o
                                 0x77 (size before relaxing)
 *fill*         0x0040402a        0x2 
 .rodata._global_impure_ptr
                0x0040402c        0x4 c:/program files (x86)/atmel/studio/7.0/toolchain/arm/arm-gnu-toolchain/bin/../lib/gcc/arm-none-eabi/6.3.1/../../../../arm-none-eabi/lib/thumb/v7e-m\libc.a(lib_a-impure.o)
                0x0040402c                _global_impure_ptr
 .rodata._puts_r.str1.4
                0x00404030       0x72 c:/program files (x86)/atmel/studio/7.0/toolchain/arm/arm-gnu-toolchain/bin/../lib/gcc/arm-none-eabi/6.3.1/../../../../arm-none-eabi/lib/thumb/v7e-m\libc.a(lib_a-puts.o)
                                  0x2 (size before relaxing)
 .rodata._vfiprintf_r.str1.4
                0x00404030       0x2f c:/program files (x86)/atmel/studio/7.0/toolchain/arm/arm-gnu-toolchain/bin/../lib/gcc/arm-none-eabi/6.3.1/../../../../arm-none-eabi/lib/thumb/v7e-m\libc.a(lib_a-vfiprintf.o)
 *fill*         0x0040405f        0x1 
 .rodata.blanks.7217
                0x00404060       0x10 c:/program files (x86)/atmel/studio/7.0/toolchain/arm/arm-gnu-toolchain/bin/../lib/gcc/arm-none-eabi/6.3.1/../../../../arm-none-eabi/lib/thumb/v7e-m\libc.a(lib_a-vfiprintf.o)
 .rodata.zeroes.7218
                0x00404070       0x10 c:/program files (x86)/atmel/studio/7.0/toolchain/arm/arm-gnu-toolchain/bin/../lib/gcc/arm-none-eabi/6.3.1/../../../../arm-none-eabi/lib/thumb/v7e-m\libc.a(lib_a-vfiprintf.o)
 .rodata._setlocale_r.str1.4
                0x00404080        0xa c:/program files (x86)/atmel/studio/7.0/toolchain/arm/arm-gnu-toolchain/bin/../lib/gcc/arm-none-eabi/6.3.1/../../../../arm-none-eabi/lib/thumb/v7e-m\libc.a(lib_a-locale.o)
                                  0xd (size before relaxing)
 *fill*         0x0040408a        0x2 
 .rodata.str1.4
                0x0040408c        0x4 c:/program files (x86)/atmel/studio/7.0/toolchain/arm/arm-gnu-toolchain/bin/../lib/gcc/arm-none-eabi/6.3.1/../../../../arm-none-eabi/lib/thumb/v7e-m\libc.a(lib_a-locale.o)
                                  0x2 (size before relaxing)
 .rodata._ctype_
                0x00404090      0x101 c:/program files (x86)/atmel/studio/7.0/toolchain/arm/arm-gnu-toolchain/bin/../lib/gcc/arm-none-eabi/6.3.1/../../../../arm-none-eabi/lib/thumb/v7e-m\libc.a(lib_a-ctype_.o)
                0x00404090                _ctype_
 *(.ARM.extab* .gnu.linkonce.armextab.*)
                0x00404194                . = ALIGN (0x4)
 *fill*         0x00404191        0x3 
 *(.init)
 .init          0x00404194        0x4 c:/program files (x86)/atmel/studio/7.0/toolchain/arm/arm-gnu-toolchain/bin/../lib/gcc/arm-none-eabi/6.3.1/thumb/v7e-m/crti.o
                0x00404194                _init
 .init          0x00404198        0x8 c:/program files (x86)/atmel/studio/7.0/toolchain/arm/arm-gnu-toolchain/bin/../lib/gcc/arm-none-eabi/6.3.1/thumb/v7e-m/crtn.o
                0x004041a0                . = ALIGN (0x4)
                0x004041a0                __preinit_array_start = .
 *(.preinit_array)
                0x004041a0                __preinit_array_end = .
                0x004041a0                . = ALIGN (0x4)
                0x004041a0                __init_array_start = .
 *(SORT(.init_array.*))
 .init_array.00000
                0x004041a0        0x4 c:/program files (x86)/atmel/studio/7.0/toolchain/arm/arm-gnu-toolchain/bin/../lib/gcc/arm-none-eabi/6.3.1/../../../../arm-none-eabi/lib/thumb/v7e-m\libc.a(lib_a-__call_atexit.o)
 *(.init_array)
 .init_array    0x004041a4        0x4 c:/program files (x86)/atmel/studio/7.0/toolchain/arm/arm-gnu-toolchain/bin/../lib/gcc/arm-none-eabi/6.3.1/thumb/v7e-m/crtbegin.o
                0x004041a8                __init_array_end = .
                0x004041a8                . = ALIGN (0x4)
 *crtbegin.o(.ctors)
 *(EXCLUDE_FILE(*crtend.o) .ctors)
 *(SORT(.ctors.*))
 *crtend.o(.ctors)
                0x004041a8                . = ALIGN (0x4)
 *(.fini)
 .fini          0x004041a8        0x4 c:/program files (x86)/atmel/studio/7.0/toolchain/arm/arm-gnu-toolchain/bin/../lib/gcc/arm-none-eabi/6.3.1/thumb/v7e-m/crti.o
                0x004041a8                _fini
 .fini          0x004041ac        0x8 c:/program files (x86)/atmel/studio/7.0/toolchain/arm/arm-gnu-toolchain/bin/../lib/gcc/arm-none-eabi/6.3.1/thumb/v7e-m/crtn.o
                0x004041b4                . = ALIGN (0x4)
                0x004041b4                __fini_array_start = .
 *(.fini_array)
 .fini_array    0x004041b4        0x4 c:/program files (x86)/atmel/studio/7.0/toolchain/arm/arm-gnu-toolchain/bin/../lib/gcc/arm-none-eabi/6.3.1/thumb/v7e-m/crtbegin.o
 *(SORT(.fini_array.*))
                0x004041b8                __fini_array_end = .
 *crtbegin.o(.dtors)
 *(EXCLUDE_FILE(*crtend.o) .dtors)
 *(SORT(.dtors.*))
 *crtend.o(.dtors)
                0x004041b8                . = ALIGN (0x4)
                0x004041b8                _efixed = .
                [!provide]                PROVIDE (__exidx_start, .)

.vfp11_veneer   0x004041b8        0x0
 .vfp11_veneer  0x004041b8        0x0 linker stubs

.v4_bx          0x004041b8        0x0
 .v4_bx         0x004041b8        0x0 linker stubs

.iplt           0x004041b8        0x0
 .iplt          0x004041b8        0x0 c:/program files (x86)/atmel/studio/7.0/toolchain/arm/arm-gnu-toolchain/bin/../lib/gcc/arm-none-eabi/6.3.1/thumb/v7e-m/crtbegin.o

.ARM.exidx      0x004041b8        0x8
 *(.ARM.exidx* .gnu.linkonce.armexidx.*)
 .ARM.exidx     0x004041b8        0x8 c:/program files (x86)/atmel/studio/7.0/toolchain/arm/arm-gnu-toolchain/bin/../lib/gcc/arm-none-eabi/6.3.1/thumb/v7e-m\libgcc.a(_udivmoddi4.o)
                [!provide]                PROVIDE (__exidx_end, .)

.eh_frame       0x004041c0        0x0
 .eh_frame      0x004041c0        0x0 c:/program files (x86)/atmel/studio/7.0/toolchain/arm/arm-gnu-toolchain/bin/../lib/gcc/arm-none-eabi/6.3.1/thumb/v7e-m/crtbegin.o

.rel.dyn        0x004041c0        0x0
 .rel.iplt      0x004041c0        0x0 c:/program files (x86)/atmel/studio/7.0/toolchain/arm/arm-gnu-toolchain/bin/../lib/gcc/arm-none-eabi/6.3.1/thumb/v7e-m/crtbegin.o

.jcr            0x004041c0        0x0
 .jcr           0x004041c0        0x0 c:/program files (x86)/atmel/studio/7.0/toolchain/arm/arm-gnu-toolchain/bin/../lib/gcc/arm-none-eabi/6.3.1/thumb/v7e-m/crtbegin.o

.igot.plt       0x004041c0        0x0
 .igot.plt      0x004041c0        0x0 c:/program files (x86)/atmel/studio/7.0/toolchain/arm/arm-gnu-toolchain/bin/../lib/gcc/arm-none-eabi/6.3.1/thumb/v7e-m/crtbegin.o
                0x004041c0                . = ALIGN (0x4)
                0x004041c0                _etext = .

.relocate       0x20400000      0x9b8 load address 0x004041c0
                0x20400000                . = ALIGN (0x4)
                0x20400000                _srelocate = .
 *(.ramfunc .ramfunc.*)
 *(.data .data.*)
 .data.g_interrupt_enabled
                0x20400000        0x1 src/ASF/common/utils/interrupt/interrupt_sam_nvic.o
                0x20400000                g_interrupt_enabled
 *fill*         0x20400001        0x3 
 .data.SystemCoreClock
                0x20400004        0x4 src/ASF/sam/utils/cmsis/same70/source/templates/system_same70.o
                0x20400004                SystemCoreClock
 .data._impure_ptr
                0x20400008        0x4 c:/program files (x86)/atmel/studio/7.0/toolchain/arm/arm-gnu-toolchain/bin/../lib/gcc/arm-none-eabi/6.3.1/../../../../arm-none-eabi/lib/thumb/v7e-m\libc.a(lib_a-impure.o)
                0x20400008                _impure_ptr
 *fill*         0x2040000c        0x4 
 .data.impure_data
                0x20400010      0x428 c:/program files (x86)/atmel/studio/7.0/toolchain/arm/arm-gnu-toolchain/bin/../lib/gcc/arm-none-eabi/6.3.1/../../../../arm-none-eabi/lib/thumb/v7e-m\libc.a(lib_a-impure.o)
 .data.__atexit_recursive_mutex
                0x20400438        0x4 c:/program files (x86)/atmel/studio/7.0/toolchain/arm/arm-gnu-toolchain/bin/../lib/gcc/arm-none-eabi/6.3.1/../../../../arm-none-eabi/lib/thumb/v7e-m\libc.a(lib_a-__call_atexit.o)
                0x20400438                __atexit_recursive_mutex
 .data.__global_locale
                0x2040043c      0x16c c:/program files (x86)/atmel/studio/7.0/toolchain/arm/arm-gnu-toolchain/bin/../lib/gcc/arm-none-eabi/6.3.1/../../../../arm-none-eabi/lib/thumb/v7e-m\libc.a(lib_a-locale.o)
                0x2040043c                __global_locale
 .data.__malloc_av_
                0x204005a8      0x408 c:/program files (x86)/atmel/studio/7.0/toolchain/arm/arm-gnu-toolchain/bin/../lib/gcc/arm-none-eabi/6.3.1/../../../../arm-none-eabi/lib/thumb/v7e-m\libc.a(lib_a-mallocr.o)
                0x204005a8                __malloc_av_
 .data.__malloc_sbrk_base
                0x204009b0        0x4 c:/program files (x86)/atmel/studio/7.0/toolchain/arm/arm-gnu-toolchain/bin/../lib/gcc/arm-none-eabi/6.3.1/../../../../arm-none-eabi/lib/thumb/v7e-m\libc.a(lib_a-mallocr.o)
                0x204009b0                __malloc_sbrk_base
 .data.__malloc_trim_threshold
                0x204009b4        0x4 c:/program files (x86)/atmel/studio/7.0/toolchain/arm/arm-gnu-toolchain/bin/../lib/gcc/arm-none-eabi/6.3.1/../../../../arm-none-eabi/lib/thumb/v7e-m\libc.a(lib_a-mallocr.o)
                0x204009b4                __malloc_trim_threshold
                0x204009b8                . = ALIGN (0x4)
                0x204009b8                _erelocate = .

.bss            0x204009b8      0x100 load address 0x00404b78
                0x204009b8                . = ALIGN (0x4)
                0x204009b8                _sbss = .
                0x204009b8                _szero = .
 *(.bss .bss.*)
 .bss           0x204009b8       0x1c c:/program files (x86)/atmel/studio/7.0/toolchain/arm/arm-gnu-toolchain/bin/../lib/gcc/arm-none-eabi/6.3.1/thumb/v7e-m/crtbegin.o
 .bss.ul_reg_val.9451
                0x204009d4        0x4 src/ASF/sam/drivers/usart/usart.o
 .bss.gs_interrupt_sources
                0x204009d8       0x70 src/ASF/sam/drivers/pio/pio_handler.o
 .bss.heap.6420
                0x20400a48        0x4 src/ASF/sam/utils/syscalls/gcc/syscalls.o
 .bss.g_ul_ms_ticks
                0x20400a4c        0x4 src/ioport_example3.o
                0x20400a4c                g_ul_ms_ticks
 .bss.__malloc_current_mallinfo
                0x20400a50       0x28 c:/program files (x86)/atmel/studio/7.0/toolchain/arm/arm-gnu-toolchain/bin/../lib/gcc/arm-none-eabi/6.3.1/../../../../arm-none-eabi/lib/thumb/v7e-m\libc.a(lib_a-mallocr.o)
                0x20400a50                __malloc_current_mallinfo
 .bss.__malloc_max_sbrked_mem
                0x20400a78        0x4 c:/program files (x86)/atmel/studio/7.0/toolchain/arm/arm-gnu-toolchain/bin/../lib/gcc/arm-none-eabi/6.3.1/../../../../arm-none-eabi/lib/thumb/v7e-m\libc.a(lib_a-mallocr.o)
                0x20400a78                __malloc_max_sbrked_mem
 .bss.__malloc_max_total_mem
                0x20400a7c        0x4 c:/program files (x86)/atmel/studio/7.0/toolchain/arm/arm-gnu-toolchain/bin/../lib/gcc/arm-none-eabi/6.3.1/../../../../arm-none-eabi/lib/thumb/v7e-m\libc.a(lib_a-mallocr.o)
                0x20400a7c                __malloc_max_total_mem
 .bss.__malloc_top_pad
                0x20400a80        0x4 c:/program files (x86)/atmel/studio/7.0/toolchain/arm/arm-gnu-toolchain/bin/../lib/gcc/arm-none-eabi/6.3.1/../../../../arm-none-eabi/lib/thumb/v7e-m\libc.a(lib_a-mallocr.o)
                0x20400a80                __malloc_top_pad
 *(COMMON)
 COMMON         0x20400a84        0x4 src/ASF/common/utils/stdio/read.o
                0x20400a84                ptr_get
 COMMON         0x20400a88        0x8 src/ASF/common/utils/stdio/write.o
                0x20400a88                ptr_put
                0x20400a8c                stdio_base
 COMMON         0x20400a90       0x21 c:/program files (x86)/atmel/studio/7.0/toolchain/arm/arm-gnu-toolchain/bin/../lib/gcc/arm-none-eabi/6.3.1/../../../../arm-none-eabi/lib/thumb/v7e-m\libc.a(lib_a-lock.o)
                0x20400a90                __lock___atexit_recursive_mutex
                0x20400a94                __lock___arc4random_mutex
                0x20400a98                __lock___env_recursive_mutex
                0x20400a9c                __lock___sinit_recursive_mutex
                0x20400aa0                __lock___malloc_recursive_mutex
                0x20400aa4                __lock___at_quick_exit_mutex
                0x20400aa8                __lock___dd_hash_mutex
                0x20400aac                __lock___tz_mutex
                0x20400ab0                __lock___sfp_recursive_mutex
 *fill*         0x20400ab1        0x3 
 COMMON         0x20400ab4        0x4 c:/program files (x86)/atmel/studio/7.0/toolchain/arm/arm-gnu-toolchain/bin/../lib/gcc/arm-none-eabi/6.3.1/../../../../arm-none-eabi/lib/thumb/v7e-m\libc.a(lib_a-reent.o)
                0x20400ab4                errno
                0x20400ab8                . = ALIGN (0x4)
                0x20400ab8                _ebss = .
                0x20400ab8                _ezero = .

.stack          0x20400ab8     0x2000 load address 0x00404c78
                0x20400ab8                . = ALIGN (0x8)
                0x20400ab8                _sstack = .
                0x20402ab8                . = (. + STACK_SIZE)
 *fill*         0x20400ab8     0x2000 
                0x20402ab8                . = ALIGN (0x8)
                0x20402ab8                _estack = .

.heap           0x20402ab8      0x200 load address 0x00406c78
                0x20402ab8                . = ALIGN (0x8)
                0x20402ab8                _sheap = .
                0x20402cb8                . = (. + HEAP_SIZE)
 *fill*         0x20402ab8      0x200 
                0x20402cb8                . = ALIGN (0x8)
                0x20402cb8                _eheap = .
                0x20402cb8                . = ALIGN (0x4)
                0x20402cb8                _end = .
                0x2045ffff                _ram_end_ = ((ORIGIN (ram) + LENGTH (ram)) - 0x1)
OUTPUT(IOPORT_EXAMPLE31.elf elf32-littlearm)

.ARM.attributes
                0x00000000       0x2e
 .ARM.attributes
                0x00000000       0x1e c:/program files (x86)/atmel/studio/7.0/toolchain/arm/arm-gnu-toolchain/bin/../lib/gcc/arm-none-eabi/6.3.1/thumb/v7e-m/crti.o
 .ARM.attributes
                0x0000001e       0x2e c:/program files (x86)/atmel/studio/7.0/toolchain/arm/arm-gnu-toolchain/bin/../lib/gcc/arm-none-eabi/6.3.1/thumb/v7e-m/crtbegin.o
 .ARM.attributes
                0x0000004c       0x37 src/ASF/common/utils/stdio/read.o
 .ARM.attributes
                0x00000083       0x37 src/ASF/sam/drivers/usart/usart.o
 .ARM.attributes
                0x000000ba       0x37 src/ASF/common/utils/stdio/write.o
 .ARM.attributes
                0x000000f1       0x37 src/ASF/sam/drivers/uart/uart.o
 .ARM.attributes
                0x00000128       0x37 src/ASF/common/services/clock/same70/sysclk.o
 .ARM.attributes
                0x0000015f       0x37 src/ASF/common/utils/interrupt/interrupt_sam_nvic.o
 .ARM.attributes
                0x00000196       0x37 src/ASF/sam/boards/same70_xplained/init.o
 .ARM.attributes
                0x000001cd       0x37 src/ASF/sam/drivers/pio/pio.o
 .ARM.attributes
                0x00000204       0x37 src/ASF/sam/drivers/pio/pio_handler.o
 .ARM.attributes
                0x0000023b       0x37 src/ASF/sam/drivers/pmc/pmc.o
 .ARM.attributes
                0x00000272       0x37 src/ASF/sam/utils/cmsis/same70/source/templates/gcc/startup_same70.o
 .ARM.attributes
                0x000002a9       0x37 src/ASF/sam/utils/cmsis/same70/source/templates/system_same70.o
 .ARM.attributes
                0x000002e0       0x37 src/ASF/sam/utils/syscalls/gcc/syscalls.o
 .ARM.attributes
                0x00000317       0x37 src/ioport_example3.o
 .ARM.attributes
                0x0000034e       0x2e c:/program files (x86)/atmel/studio/7.0/toolchain/arm/arm-gnu-toolchain/bin/../lib/gcc/arm-none-eabi/6.3.1/../../../../arm-none-eabi/lib/thumb/v7e-m\libc.a(lib_a-impure.o)
 .ARM.attributes
                0x0000037c       0x2e c:/program files (x86)/atmel/studio/7.0/toolchain/arm/arm-gnu-toolchain/bin/../lib/gcc/arm-none-eabi/6.3.1/../../../../arm-none-eabi/lib/thumb/v7e-m\libc.a(lib_a-init.o)
 .ARM.attributes
                0x000003aa       0x2e c:/program files (x86)/atmel/studio/7.0/toolchain/arm/arm-gnu-toolchain/bin/../lib/gcc/arm-none-eabi/6.3.1/../../../../arm-none-eabi/lib/thumb/v7e-m\libc.a(lib_a-iprintf.o)
 .ARM.attributes
                0x000003d8       0x2e c:/program files (x86)/atmel/studio/7.0/toolchain/arm/arm-gnu-toolchain/bin/../lib/gcc/arm-none-eabi/6.3.1/../../../../arm-none-eabi/lib/thumb/v7e-m\libc.a(lib_a-memset.o)
 .ARM.attributes
                0x00000406       0x2e c:/program files (x86)/atmel/studio/7.0/toolchain/arm/arm-gnu-toolchain/bin/../lib/gcc/arm-none-eabi/6.3.1/../../../../arm-none-eabi/lib/thumb/v7e-m\libc.a(lib_a-puts.o)
 .ARM.attributes
                0x00000434       0x2e c:/program files (x86)/atmel/studio/7.0/toolchain/arm/arm-gnu-toolchain/bin/../lib/gcc/arm-none-eabi/6.3.1/../../../../arm-none-eabi/lib/thumb/v7e-m\libc.a(lib_a-setbuf.o)
 .ARM.attributes
                0x00000462       0x2e c:/program files (x86)/atmel/studio/7.0/toolchain/arm/arm-gnu-toolchain/bin/../lib/gcc/arm-none-eabi/6.3.1/../../../../arm-none-eabi/lib/thumb/v7e-m\libc.a(lib_a-setvbuf.o)
 .ARM.attributes
                0x00000490       0x1c c:/program files (x86)/atmel/studio/7.0/toolchain/arm/arm-gnu-toolchain/bin/../lib/gcc/arm-none-eabi/6.3.1/../../../../arm-none-eabi/lib/thumb/v7e-m\libc.a(lib_a-strlen.o)
 .ARM.attributes
                0x000004ac       0x2e c:/program files (x86)/atmel/studio/7.0/toolchain/arm/arm-gnu-toolchain/bin/../lib/gcc/arm-none-eabi/6.3.1/../../../../arm-none-eabi/lib/thumb/v7e-m\libc.a(lib_a-vfiprintf.o)
 .ARM.attributes
                0x000004da       0x2e c:/program files (x86)/atmel/studio/7.0/toolchain/arm/arm-gnu-toolchain/bin/../lib/gcc/arm-none-eabi/6.3.1/../../../../arm-none-eabi/lib/thumb/v7e-m\libc.a(lib_a-wsetup.o)
 .ARM.attributes
                0x00000508       0x2e c:/program files (x86)/atmel/studio/7.0/toolchain/arm/arm-gnu-toolchain/bin/../lib/gcc/arm-none-eabi/6.3.1/../../../../arm-none-eabi/lib/thumb/v7e-m\libc.a(lib_a-__call_atexit.o)
 .ARM.attributes
                0x00000536       0x2e c:/program files (x86)/atmel/studio/7.0/toolchain/arm/arm-gnu-toolchain/bin/../lib/gcc/arm-none-eabi/6.3.1/../../../../arm-none-eabi/lib/thumb/v7e-m\libc.a(lib_a-atexit.o)
 .ARM.attributes
                0x00000564       0x2e c:/program files (x86)/atmel/studio/7.0/toolchain/arm/arm-gnu-toolchain/bin/../lib/gcc/arm-none-eabi/6.3.1/../../../../arm-none-eabi/lib/thumb/v7e-m\libc.a(lib_a-fflush.o)
 .ARM.attributes
                0x00000592       0x2e c:/program files (x86)/atmel/studio/7.0/toolchain/arm/arm-gnu-toolchain/bin/../lib/gcc/arm-none-eabi/6.3.1/../../../../arm-none-eabi/lib/thumb/v7e-m\libc.a(lib_a-findfp.o)
 .ARM.attributes
                0x000005c0       0x2e c:/program files (x86)/atmel/studio/7.0/toolchain/arm/arm-gnu-toolchain/bin/../lib/gcc/arm-none-eabi/6.3.1/../../../../arm-none-eabi/lib/thumb/v7e-m\libc.a(lib_a-fini.o)
 .ARM.attributes
                0x000005ee       0x2e c:/program files (x86)/atmel/studio/7.0/toolchain/arm/arm-gnu-toolchain/bin/../lib/gcc/arm-none-eabi/6.3.1/../../../../arm-none-eabi/lib/thumb/v7e-m\libc.a(lib_a-fputwc.o)
 .ARM.attributes
                0x0000061c       0x2e c:/program files (x86)/atmel/studio/7.0/toolchain/arm/arm-gnu-toolchain/bin/../lib/gcc/arm-none-eabi/6.3.1/../../../../arm-none-eabi/lib/thumb/v7e-m\libc.a(lib_a-freer.o)
 .ARM.attributes
                0x0000064a       0x2e c:/program files (x86)/atmel/studio/7.0/toolchain/arm/arm-gnu-toolchain/bin/../lib/gcc/arm-none-eabi/6.3.1/../../../../arm-none-eabi/lib/thumb/v7e-m\libc.a(lib_a-fvwrite.o)
 .ARM.attributes
                0x00000678       0x2e c:/program files (x86)/atmel/studio/7.0/toolchain/arm/arm-gnu-toolchain/bin/../lib/gcc/arm-none-eabi/6.3.1/../../../../arm-none-eabi/lib/thumb/v7e-m\libc.a(lib_a-fwalk.o)
 .ARM.attributes
                0x000006a6       0x2e c:/program files (x86)/atmel/studio/7.0/toolchain/arm/arm-gnu-toolchain/bin/../lib/gcc/arm-none-eabi/6.3.1/../../../../arm-none-eabi/lib/thumb/v7e-m\libc.a(lib_a-locale.o)
 .ARM.attributes
                0x000006d4       0x2e c:/program files (x86)/atmel/studio/7.0/toolchain/arm/arm-gnu-toolchain/bin/../lib/gcc/arm-none-eabi/6.3.1/../../../../arm-none-eabi/lib/thumb/v7e-m\libc.a(lib_a-lock.o)
 .ARM.attributes
                0x00000702       0x2e c:/program files (x86)/atmel/studio/7.0/toolchain/arm/arm-gnu-toolchain/bin/../lib/gcc/arm-none-eabi/6.3.1/../../../../arm-none-eabi/lib/thumb/v7e-m\libc.a(lib_a-makebuf.o)
 .ARM.attributes
                0x00000730       0x2e c:/program files (x86)/atmel/studio/7.0/toolchain/arm/arm-gnu-toolchain/bin/../lib/gcc/arm-none-eabi/6.3.1/../../../../arm-none-eabi/lib/thumb/v7e-m\libc.a(lib_a-malloc.o)
 .ARM.attributes
                0x0000075e       0x2e c:/program files (x86)/atmel/studio/7.0/toolchain/arm/arm-gnu-toolchain/bin/../lib/gcc/arm-none-eabi/6.3.1/../../../../arm-none-eabi/lib/thumb/v7e-m\libc.a(lib_a-mallocr.o)
 .ARM.attributes
                0x0000078c       0x2e c:/program files (x86)/atmel/studio/7.0/toolchain/arm/arm-gnu-toolchain/bin/../lib/gcc/arm-none-eabi/6.3.1/../../../../arm-none-eabi/lib/thumb/v7e-m\libc.a(lib_a-mbtowc_r.o)
 .ARM.attributes
                0x000007ba       0x1c c:/program files (x86)/atmel/studio/7.0/toolchain/arm/arm-gnu-toolchain/bin/../lib/gcc/arm-none-eabi/6.3.1/../../../../arm-none-eabi/lib/thumb/v7e-m\libc.a(lib_a-memchr.o)
 .ARM.attributes
                0x000007d6       0x1c c:/program files (x86)/atmel/studio/7.0/toolchain/arm/arm-gnu-toolchain/bin/../lib/gcc/arm-none-eabi/6.3.1/../../../../arm-none-eabi/lib/thumb/v7e-m\libc.a(lib_a-memcpy.o)
 .ARM.attributes
                0x000007f2       0x2e c:/program files (x86)/atmel/studio/7.0/toolchain/arm/arm-gnu-toolchain/bin/../lib/gcc/arm-none-eabi/6.3.1/../../../../arm-none-eabi/lib/thumb/v7e-m\libc.a(lib_a-memmove.o)
 .ARM.attributes
                0x00000820       0x2e c:/program files (x86)/atmel/studio/7.0/toolchain/arm/arm-gnu-toolchain/bin/../lib/gcc/arm-none-eabi/6.3.1/../../../../arm-none-eabi/lib/thumb/v7e-m\libc.a(lib_a-mlock.o)
 .ARM.attributes
                0x0000084e       0x2e c:/program files (x86)/atmel/studio/7.0/toolchain/arm/arm-gnu-toolchain/bin/../lib/gcc/arm-none-eabi/6.3.1/../../../../arm-none-eabi/lib/thumb/v7e-m\libc.a(lib_a-reallocr.o)
 .ARM.attributes
                0x0000087c       0x2e c:/program files (x86)/atmel/studio/7.0/toolchain/arm/arm-gnu-toolchain/bin/../lib/gcc/arm-none-eabi/6.3.1/../../../../arm-none-eabi/lib/thumb/v7e-m\libc.a(lib_a-sbrkr.o)
 .ARM.attributes
                0x000008aa       0x2e c:/program files (x86)/atmel/studio/7.0/toolchain/arm/arm-gnu-toolchain/bin/../lib/gcc/arm-none-eabi/6.3.1/../../../../arm-none-eabi/lib/thumb/v7e-m\libc.a(lib_a-stdio.o)
 .ARM.attributes
                0x000008d8       0x2e c:/program files (x86)/atmel/studio/7.0/toolchain/arm/arm-gnu-toolchain/bin/../lib/gcc/arm-none-eabi/6.3.1/../../../../arm-none-eabi/lib/thumb/v7e-m\libc.a(lib_a-wbuf.o)
 .ARM.attributes
                0x00000906       0x2e c:/program files (x86)/atmel/studio/7.0/toolchain/arm/arm-gnu-toolchain/bin/../lib/gcc/arm-none-eabi/6.3.1/../../../../arm-none-eabi/lib/thumb/v7e-m\libc.a(lib_a-wcrtomb.o)
 .ARM.attributes
                0x00000934       0x2e c:/program files (x86)/atmel/studio/7.0/toolchain/arm/arm-gnu-toolchain/bin/../lib/gcc/arm-none-eabi/6.3.1/../../../../arm-none-eabi/lib/thumb/v7e-m\libc.a(lib_a-wctomb_r.o)
 .ARM.attributes
                0x00000962       0x2e c:/program files (x86)/atmel/studio/7.0/toolchain/arm/arm-gnu-toolchain/bin/../lib/gcc/arm-none-eabi/6.3.1/../../../../arm-none-eabi/lib/thumb/v7e-m\libc.a(lib_a-writer.o)
 .ARM.attributes
                0x00000990       0x2e c:/program files (x86)/atmel/studio/7.0/toolchain/arm/arm-gnu-toolchain/bin/../lib/gcc/arm-none-eabi/6.3.1/../../../../arm-none-eabi/lib/thumb/v7e-m\libc.a(lib_a-__atexit.o)
 .ARM.attributes
                0x000009be       0x2e c:/program files (x86)/atmel/studio/7.0/toolchain/arm/arm-gnu-toolchain/bin/../lib/gcc/arm-none-eabi/6.3.1/../../../../arm-none-eabi/lib/thumb/v7e-m\libc.a(lib_a-closer.o)
 .ARM.attributes
                0x000009ec       0x2e c:/program files (x86)/atmel/studio/7.0/toolchain/arm/arm-gnu-toolchain/bin/../lib/gcc/arm-none-eabi/6.3.1/../../../../arm-none-eabi/lib/thumb/v7e-m\libc.a(lib_a-ctype_.o)
 .ARM.attributes
                0x00000a1a       0x2e c:/program files (x86)/atmel/studio/7.0/toolchain/arm/arm-gnu-toolchain/bin/../lib/gcc/arm-none-eabi/6.3.1/../../../../arm-none-eabi/lib/thumb/v7e-m\libc.a(lib_a-fclose.o)
 .ARM.attributes
                0x00000a48       0x2e c:/program files (x86)/atmel/studio/7.0/toolchain/arm/arm-gnu-toolchain/bin/../lib/gcc/arm-none-eabi/6.3.1/../../../../arm-none-eabi/lib/thumb/v7e-m\libc.a(lib_a-fstatr.o)
 .ARM.attributes
                0x00000a76       0x2e c:/program files (x86)/atmel/studio/7.0/toolchain/arm/arm-gnu-toolchain/bin/../lib/gcc/arm-none-eabi/6.3.1/../../../../arm-none-eabi/lib/thumb/v7e-m\libc.a(lib_a-isattyr.o)
 .ARM.attributes
                0x00000aa4       0x2e c:/program files (x86)/atmel/studio/7.0/toolchain/arm/arm-gnu-toolchain/bin/../lib/gcc/arm-none-eabi/6.3.1/../../../../arm-none-eabi/lib/thumb/v7e-m\libc.a(lib_a-lseekr.o)
 .ARM.attributes
                0x00000ad2       0x2e c:/program files (x86)/atmel/studio/7.0/toolchain/arm/arm-gnu-toolchain/bin/../lib/gcc/arm-none-eabi/6.3.1/../../../../arm-none-eabi/lib/thumb/v7e-m\libc.a(lib_a-readr.o)
 .ARM.attributes
                0x00000b00       0x2e c:/program files (x86)/atmel/studio/7.0/toolchain/arm/arm-gnu-toolchain/bin/../lib/gcc/arm-none-eabi/6.3.1/../../../../arm-none-eabi/lib/thumb/v7e-m\libc.a(lib_a-reent.o)
 .ARM.attributes
                0x00000b2e       0x1e c:/program files (x86)/atmel/studio/7.0/toolchain/arm/arm-gnu-toolchain/bin/../lib/gcc/arm-none-eabi/6.3.1/thumb/v7e-m\libgcc.a(_aeabi_uldivmod.o)
 .ARM.attributes
                0x00000b4c       0x2e c:/program files (x86)/atmel/studio/7.0/toolchain/arm/arm-gnu-toolchain/bin/../lib/gcc/arm-none-eabi/6.3.1/thumb/v7e-m\libgcc.a(_udivmoddi4.o)
 .ARM.attributes
                0x00000b7a       0x1e c:/program files (x86)/atmel/studio/7.0/toolchain/arm/arm-gnu-toolchain/bin/../lib/gcc/arm-none-eabi/6.3.1/thumb/v7e-m\libgcc.a(_dvmd_tls.o)
 .ARM.attributes
                0x00000b98       0x1e c:/program files (x86)/atmel/studio/7.0/toolchain/arm/arm-gnu-toolchain/bin/../lib/gcc/arm-none-eabi/6.3.1/thumb/v7e-m/crtn.o

.comment        0x00000000       0x59
 .comment       0x00000000       0x59 src/ASF/common/utils/stdio/read.o
                                 0x5a (size before relaxing)
 .comment       0x00000059       0x5a src/ASF/sam/drivers/usart/usart.o
 .comment       0x00000059       0x5a src/ASF/common/utils/stdio/write.o
 .comment       0x00000059       0x5a src/ASF/sam/drivers/uart/uart.o
 .comment       0x00000059       0x5a src/ASF/common/services/clock/same70/sysclk.o
 .comment       0x00000059       0x5a src/ASF/common/utils/interrupt/interrupt_sam_nvic.o
 .comment       0x00000059       0x5a src/ASF/sam/boards/same70_xplained/init.o
 .comment       0x00000059       0x5a src/ASF/sam/drivers/pio/pio.o
 .comment       0x00000059       0x5a src/ASF/sam/drivers/pio/pio_handler.o
 .comment       0x00000059       0x5a src/ASF/sam/drivers/pmc/pmc.o
 .comment       0x00000059       0x5a src/ASF/sam/utils/cmsis/same70/source/templates/gcc/startup_same70.o
 .comment       0x00000059       0x5a src/ASF/sam/utils/cmsis/same70/source/templates/system_same70.o
 .comment       0x00000059       0x5a src/ASF/sam/utils/syscalls/gcc/syscalls.o
 .comment       0x00000059       0x5a src/ioport_example3.o

.debug_info     0x00000000    0x14f3b
 .debug_info    0x00000000      0xac9 src/ASF/common/utils/stdio/read.o
 .debug_info    0x00000ac9     0x23ac src/ASF/sam/drivers/usart/usart.o
 .debug_info    0x00002e75      0xac6 src/ASF/common/utils/stdio/write.o
 .debug_info    0x0000393b     0x1072 src/ASF/sam/drivers/uart/uart.o
 .debug_info    0x000049ad     0x12a4 src/ASF/common/services/clock/same70/sysclk.o
 .debug_info    0x00005c51      0xb01 src/ASF/common/utils/interrupt/interrupt_sam_nvic.o
 .debug_info    0x00006752     0x1eb3 src/ASF/sam/boards/same70_xplained/init.o
 .debug_info    0x00008605     0x2174 src/ASF/sam/drivers/pio/pio.o
 .debug_info    0x0000a779     0x1b7e src/ASF/sam/drivers/pio/pio_handler.o
 .debug_info    0x0000c2f7     0x1f12 src/ASF/sam/drivers/pmc/pmc.o
 .debug_info    0x0000e209     0x1600 src/ASF/sam/utils/cmsis/same70/source/templates/gcc/startup_same70.o
 .debug_info    0x0000f809      0x5d0 src/ASF/sam/utils/cmsis/same70/source/templates/system_same70.o
 .debug_info    0x0000fdd9      0xdb0 src/ASF/sam/utils/syscalls/gcc/syscalls.o
 .debug_info    0x00010b89     0x43b2 src/ioport_example3.o

.debug_abbrev   0x00000000     0x28c5
 .debug_abbrev  0x00000000      0x1fe src/ASF/common/utils/stdio/read.o
 .debug_abbrev  0x000001fe      0x3ca src/ASF/sam/drivers/usart/usart.o
 .debug_abbrev  0x000005c8      0x1e9 src/ASF/common/utils/stdio/write.o
 .debug_abbrev  0x000007b1      0x27b src/ASF/sam/drivers/uart/uart.o
 .debug_abbrev  0x00000a2c      0x31f src/ASF/common/services/clock/same70/sysclk.o
 .debug_abbrev  0x00000d4b      0x212 src/ASF/common/utils/interrupt/interrupt_sam_nvic.o
 .debug_abbrev  0x00000f5d      0x32f src/ASF/sam/boards/same70_xplained/init.o
 .debug_abbrev  0x0000128c      0x410 src/ASF/sam/drivers/pio/pio.o
 .debug_abbrev  0x0000169c      0x32f src/ASF/sam/drivers/pio/pio_handler.o
 .debug_abbrev  0x000019cb      0x398 src/ASF/sam/drivers/pmc/pmc.o
 .debug_abbrev  0x00001d63      0x2e4 src/ASF/sam/utils/cmsis/same70/source/templates/gcc/startup_same70.o
 .debug_abbrev  0x00002047      0x102 src/ASF/sam/utils/cmsis/same70/source/templates/system_same70.o
 .debug_abbrev  0x00002149      0x264 src/ASF/sam/utils/syscalls/gcc/syscalls.o
 .debug_abbrev  0x000023ad      0x518 src/ioport_example3.o

.debug_loc      0x00000000     0x4b10
 .debug_loc     0x00000000       0xb3 src/ASF/common/utils/stdio/read.o
 .debug_loc     0x000000b3      0xf35 src/ASF/sam/drivers/usart/usart.o
 .debug_loc     0x00000fe8      0x12b src/ASF/common/utils/stdio/write.o
 .debug_loc     0x00001113      0x2a3 src/ASF/sam/drivers/uart/uart.o
 .debug_loc     0x000013b6      0x183 src/ASF/common/services/clock/same70/sysclk.o
 .debug_loc     0x00001539      0x1c9 src/ASF/sam/boards/same70_xplained/init.o
 .debug_loc     0x00001702      0xea4 src/ASF/sam/drivers/pio/pio.o
 .debug_loc     0x000025a6      0x588 src/ASF/sam/drivers/pio/pio_handler.o
 .debug_loc     0x00002b2e      0xc33 src/ASF/sam/drivers/pmc/pmc.o
 .debug_loc     0x00003761       0x77 src/ASF/sam/utils/cmsis/same70/source/templates/gcc/startup_same70.o
 .debug_loc     0x000037d8       0xfd src/ASF/sam/utils/syscalls/gcc/syscalls.o
 .debug_loc     0x000038d5     0x123b src/ioport_example3.o

.debug_aranges  0x00000000      0x9a0
 .debug_aranges
                0x00000000       0x20 src/ASF/common/utils/stdio/read.o
 .debug_aranges
                0x00000020      0x2a8 src/ASF/sam/drivers/usart/usart.o
 .debug_aranges
                0x000002c8       0x20 src/ASF/common/utils/stdio/write.o
 .debug_aranges
                0x000002e8       0xd8 src/ASF/sam/drivers/uart/uart.o
 .debug_aranges
                0x000003c0       0x40 src/ASF/common/services/clock/same70/sysclk.o
 .debug_aranges
                0x00000400       0x28 src/ASF/common/utils/interrupt/interrupt_sam_nvic.o
 .debug_aranges
                0x00000428       0x20 src/ASF/sam/boards/same70_xplained/init.o
 .debug_aranges
                0x00000448      0x1a8 src/ASF/sam/drivers/pio/pio.o
 .debug_aranges
                0x000005f0       0x60 src/ASF/sam/drivers/pio/pio_handler.o
 .debug_aranges
                0x00000650      0x250 src/ASF/sam/drivers/pmc/pmc.o
 .debug_aranges
                0x000008a0       0x28 src/ASF/sam/utils/cmsis/same70/source/templates/gcc/startup_same70.o
 .debug_aranges
                0x000008c8       0x30 src/ASF/sam/utils/cmsis/same70/source/templates/system_same70.o
 .debug_aranges
                0x000008f8       0x60 src/ASF/sam/utils/syscalls/gcc/syscalls.o
 .debug_aranges
                0x00000958       0x48 src/ioport_example3.o

.debug_ranges   0x00000000      0xc38
 .debug_ranges  0x00000000       0x10 src/ASF/common/utils/stdio/read.o
 .debug_ranges  0x00000010      0x298 src/ASF/sam/drivers/usart/usart.o
 .debug_ranges  0x000002a8       0x10 src/ASF/common/utils/stdio/write.o
 .debug_ranges  0x000002b8       0xc8 src/ASF/sam/drivers/uart/uart.o
 .debug_ranges  0x00000380       0x30 src/ASF/common/services/clock/same70/sysclk.o
 .debug_ranges  0x000003b0       0x18 src/ASF/common/utils/interrupt/interrupt_sam_nvic.o
 .debug_ranges  0x000003c8       0x10 src/ASF/sam/boards/same70_xplained/init.o
 .debug_ranges  0x000003d8      0x2a0 src/ASF/sam/drivers/pio/pio.o
 .debug_ranges  0x00000678       0x68 src/ASF/sam/drivers/pio/pio_handler.o
 .debug_ranges  0x000006e0      0x240 src/ASF/sam/drivers/pmc/pmc.o
 .debug_ranges  0x00000920       0x18 src/ASF/sam/utils/cmsis/same70/source/templates/gcc/startup_same70.o
 .debug_ranges  0x00000938       0x20 src/ASF/sam/utils/cmsis/same70/source/templates/system_same70.o
 .debug_ranges  0x00000958       0x50 src/ASF/sam/utils/syscalls/gcc/syscalls.o
 .debug_ranges  0x000009a8      0x290 src/ioport_example3.o

.debug_macro    0x00000000    0x1e67a
 .debug_macro   0x00000000      0x676 src/ASF/common/utils/stdio/read.o
 .debug_macro   0x00000676      0x8ce src/ASF/common/utils/stdio/read.o
 .debug_macro   0x00000f44      0x16d src/ASF/common/utils/stdio/read.o
 .debug_macro   0x000010b1      0x6d7 src/ASF/common/utils/stdio/read.o
 .debug_macro   0x00001788       0x76 src/ASF/common/utils/stdio/read.o
 .debug_macro   0x000017fe       0x16 src/ASF/common/utils/stdio/read.o
 .debug_macro   0x00001814      0x6da src/ASF/common/utils/stdio/read.o
 .debug_macro   0x00001eee       0x22 src/ASF/common/utils/stdio/read.o
 .debug_macro   0x00001f10       0x87 src/ASF/common/utils/stdio/read.o
 .debug_macro   0x00001f97       0x51 src/ASF/common/utils/stdio/read.o
 .debug_macro   0x00001fe8       0xef src/ASF/common/utils/stdio/read.o
 .debug_macro   0x000020d7       0x6a src/ASF/common/utils/stdio/read.o
 .debug_macro   0x00002141      0x1df src/ASF/common/utils/stdio/read.o
 .debug_macro   0x00002320       0x51 src/ASF/common/utils/stdio/read.o
 .debug_macro   0x00002371       0x3b src/ASF/common/utils/stdio/read.o
 .debug_macro   0x000023ac       0x2d src/ASF/common/utils/stdio/read.o
 .debug_macro   0x000023d9       0x26 src/ASF/common/utils/stdio/read.o
 .debug_macro   0x000023ff      0xf9a src/ASF/common/utils/stdio/read.o
 .debug_macro   0x00003399      0x191 src/ASF/common/utils/stdio/read.o
 .debug_macro   0x0000352a      0x2ee src/ASF/common/utils/stdio/read.o
 .debug_macro   0x00003818      0xa23 src/ASF/common/utils/stdio/read.o
 .debug_macro   0x0000423b      0x1b4 src/ASF/common/utils/stdio/read.o
 .debug_macro   0x000043ef      0x35f src/ASF/common/utils/stdio/read.o
 .debug_macro   0x0000474e      0x15a src/ASF/common/utils/stdio/read.o
 .debug_macro   0x000048a8     0x18b3 src/ASF/common/utils/stdio/read.o
 .debug_macro   0x0000615b       0x1c src/ASF/common/utils/stdio/read.o
 .debug_macro   0x00006177      0x6a2 src/ASF/common/utils/stdio/read.o
 .debug_macro   0x00006819      0x27f src/ASF/common/utils/stdio/read.o
 .debug_macro   0x00006a98      0x3ba src/ASF/common/utils/stdio/read.o
 .debug_macro   0x00006e52      0x4f0 src/ASF/common/utils/stdio/read.o
 .debug_macro   0x00007342      0x5cb src/ASF/common/utils/stdio/read.o
 .debug_macro   0x0000790d     0x1527 src/ASF/common/utils/stdio/read.o
 .debug_macro   0x00008e34     0x2a40 src/ASF/common/utils/stdio/read.o
 .debug_macro   0x0000b874     0x113e src/ASF/common/utils/stdio/read.o
 .debug_macro   0x0000c9b2      0xcdb src/ASF/common/utils/stdio/read.o
 .debug_macro   0x0000d68d      0x3c6 src/ASF/common/utils/stdio/read.o
 .debug_macro   0x0000da53       0xa0 src/ASF/common/utils/stdio/read.o
 .debug_macro   0x0000daf3       0x76 src/ASF/common/utils/stdio/read.o
 .debug_macro   0x0000db69      0x442 src/ASF/common/utils/stdio/read.o
 .debug_macro   0x0000dfab       0x64 src/ASF/common/utils/stdio/read.o
 .debug_macro   0x0000e00f      0x299 src/ASF/common/utils/stdio/read.o
 .debug_macro   0x0000e2a8      0x201 src/ASF/common/utils/stdio/read.o
 .debug_macro   0x0000e4a9      0x280 src/ASF/common/utils/stdio/read.o
 .debug_macro   0x0000e729      0x539 src/ASF/common/utils/stdio/read.o
 .debug_macro   0x0000ec62      0x64f src/ASF/common/utils/stdio/read.o
 .debug_macro   0x0000f2b1      0x6cc src/ASF/common/utils/stdio/read.o
 .debug_macro   0x0000f97d       0x64 src/ASF/common/utils/stdio/read.o
 .debug_macro   0x0000f9e1      0x4c4 src/ASF/common/utils/stdio/read.o
 .debug_macro   0x0000fea5      0x237 src/ASF/common/utils/stdio/read.o
 .debug_macro   0x000100dc      0xa06 src/ASF/common/utils/stdio/read.o
 .debug_macro   0x00010ae2     0x14ec src/ASF/common/utils/stdio/read.o
 .debug_macro   0x00011fce       0x40 src/ASF/common/utils/stdio/read.o
 .debug_macro   0x0001200e       0x76 src/ASF/common/utils/stdio/read.o
 .debug_macro   0x00012084      0xdd1 src/ASF/common/utils/stdio/read.o
 .debug_macro   0x00012e55       0x88 src/ASF/common/utils/stdio/read.o
 .debug_macro   0x00012edd       0x7c src/ASF/common/utils/stdio/read.o
 .debug_macro   0x00012f59       0x52 src/ASF/common/utils/stdio/read.o
 .debug_macro   0x00012fab      0x133 src/ASF/common/utils/stdio/read.o
 .debug_macro   0x000130de      0x133 src/ASF/common/utils/stdio/read.o
 .debug_macro   0x00013211      0x133 src/ASF/common/utils/stdio/read.o
 .debug_macro   0x00013344       0x76 src/ASF/common/utils/stdio/read.o
 .debug_macro   0x000133ba       0x76 src/ASF/common/utils/stdio/read.o
 .debug_macro   0x00013430      0x2fe src/ASF/common/utils/stdio/read.o
 .debug_macro   0x0001372e       0xca src/ASF/common/utils/stdio/read.o
 .debug_macro   0x000137f8       0xca src/ASF/common/utils/stdio/read.o
 .debug_macro   0x000138c2       0xca src/ASF/common/utils/stdio/read.o
 .debug_macro   0x0001398c      0x13b src/ASF/common/utils/stdio/read.o
 .debug_macro   0x00013ac7      0x13b src/ASF/common/utils/stdio/read.o
 .debug_macro   0x00013c02      0x2cd src/ASF/common/utils/stdio/read.o
 .debug_macro   0x00013ecf       0xbe src/ASF/common/utils/stdio/read.o
 .debug_macro   0x00013f8d       0x64 src/ASF/common/utils/stdio/read.o
 .debug_macro   0x00013ff1       0x46 src/ASF/common/utils/stdio/read.o
 .debug_macro   0x00014037       0x64 src/ASF/common/utils/stdio/read.o
 .debug_macro   0x0001409b       0xa6 src/ASF/common/utils/stdio/read.o
 .debug_macro   0x00014141      0x4b7 src/ASF/common/utils/stdio/read.o
 .debug_macro   0x000145f8      0x133 src/ASF/common/utils/stdio/read.o
 .debug_macro   0x0001472b       0x52 src/ASF/common/utils/stdio/read.o
 .debug_macro   0x0001477d      0x2fe src/ASF/common/utils/stdio/read.o
 .debug_macro   0x00014a7b       0x76 src/ASF/common/utils/stdio/read.o
 .debug_macro   0x00014af1       0xbe src/ASF/common/utils/stdio/read.o
 .debug_macro   0x00014baf       0x70 src/ASF/common/utils/stdio/read.o
 .debug_macro   0x00014c1f       0x34 src/ASF/common/utils/stdio/read.o
 .debug_macro   0x00014c53      0x9b8 src/ASF/common/utils/stdio/read.o
 .debug_macro   0x0001560b       0x70 src/ASF/common/utils/stdio/read.o
 .debug_macro   0x0001567b       0x8e src/ASF/common/utils/stdio/read.o
 .debug_macro   0x00015709       0x5e src/ASF/common/utils/stdio/read.o
 .debug_macro   0x00015767       0xfa src/ASF/common/utils/stdio/read.o
 .debug_macro   0x00015861       0x4c src/ASF/common/utils/stdio/read.o
 .debug_macro   0x000158ad       0x4c src/ASF/common/utils/stdio/read.o
 .debug_macro   0x000158f9       0x16 src/ASF/common/utils/stdio/read.o
 .debug_macro   0x0001590f       0xfa src/ASF/common/utils/stdio/read.o
 .debug_macro   0x00015a09       0x52 src/ASF/common/utils/stdio/read.o
 .debug_macro   0x00015a5b       0x16 src/ASF/common/utils/stdio/read.o
 .debug_macro   0x00015a71       0x52 src/ASF/common/utils/stdio/read.o
 .debug_macro   0x00015ac3       0x2e src/ASF/common/utils/stdio/read.o
 .debug_macro   0x00015af1      0x1b3 src/ASF/common/utils/stdio/read.o
 .debug_macro   0x00015ca4      0x1b3 src/ASF/common/utils/stdio/read.o
 .debug_macro   0x00015e57      0x1b3 src/ASF/common/utils/stdio/read.o
 .debug_macro   0x0001600a      0x1b3 src/ASF/common/utils/stdio/read.o
 .debug_macro   0x000161bd      0x1b3 src/ASF/common/utils/stdio/read.o
 .debug_macro   0x00016370       0x1c src/ASF/common/utils/stdio/read.o
 .debug_macro   0x0001638c       0x34 src/ASF/common/utils/stdio/read.o
 .debug_macro   0x000163c0       0x22 src/ASF/common/utils/stdio/read.o
 .debug_macro   0x000163e2       0x1c src/ASF/common/utils/stdio/read.o
 .debug_macro   0x000163fe       0x5e src/ASF/common/utils/stdio/read.o
 .debug_macro   0x0001645c       0x10 src/ASF/common/utils/stdio/read.o
 .debug_macro   0x0001646c       0x1c src/ASF/common/utils/stdio/read.o
 .debug_macro   0x00016488       0x52 src/ASF/common/utils/stdio/read.o
 .debug_macro   0x000164da       0x52 src/ASF/common/utils/stdio/read.o
 .debug_macro   0x0001652c       0x52 src/ASF/common/utils/stdio/read.o
 .debug_macro   0x0001657e      0x33e src/ASF/common/utils/stdio/read.o
 .debug_macro   0x000168bc     0x10ab src/ASF/common/utils/stdio/read.o
 .debug_macro   0x00017967      0x107 src/ASF/common/utils/stdio/read.o
 .debug_macro   0x00017a6e       0x58 src/ASF/common/utils/stdio/read.o
 .debug_macro   0x00017ac6       0x35 src/ASF/common/utils/stdio/read.o
 .debug_macro   0x00017afb       0x9c src/ASF/common/utils/stdio/read.o
 .debug_macro   0x00017b97       0x16 src/ASF/common/utils/stdio/read.o
 .debug_macro   0x00017bad       0x35 src/ASF/common/utils/stdio/read.o
 .debug_macro   0x00017be2      0x353 src/ASF/common/utils/stdio/read.o
 .debug_macro   0x00017f35       0x10 src/ASF/common/utils/stdio/read.o
 .debug_macro   0x00017f45       0x58 src/ASF/common/utils/stdio/read.o
 .debug_macro   0x00017f9d       0x1f src/ASF/common/utils/stdio/read.o
 .debug_macro   0x00017fbc       0x43 src/ASF/common/utils/stdio/read.o
 .debug_macro   0x00017fff       0x20 src/ASF/common/utils/stdio/read.o
 .debug_macro   0x0001801f      0x187 src/ASF/common/utils/stdio/read.o
 .debug_macro   0x000181a6       0x10 src/ASF/common/utils/stdio/read.o
 .debug_macro   0x000181b6       0x1c src/ASF/common/utils/stdio/read.o
 .debug_macro   0x000181d2       0x52 src/ASF/common/utils/stdio/read.o
 .debug_macro   0x00018224       0x40 src/ASF/common/utils/stdio/read.o
 .debug_macro   0x00018264       0x10 src/ASF/common/utils/stdio/read.o
 .debug_macro   0x00018274       0x40 src/ASF/common/utils/stdio/read.o
 .debug_macro   0x000182b4       0xd7 src/ASF/common/utils/stdio/read.o
 .debug_macro   0x0001838b       0x16 src/ASF/common/utils/stdio/read.o
 .debug_macro   0x000183a1      0x18b src/ASF/common/utils/stdio/read.o
 .debug_macro   0x0001852c       0x22 src/ASF/common/utils/stdio/read.o
 .debug_macro   0x0001854e       0x16 src/ASF/common/utils/stdio/read.o
 .debug_macro   0x00018564       0x16 src/ASF/common/utils/stdio/read.o
 .debug_macro   0x0001857a       0x29 src/ASF/common/utils/stdio/read.o
 .debug_macro   0x000185a3       0x73 src/ASF/common/utils/stdio/read.o
 .debug_macro   0x00018616       0x3e src/ASF/common/utils/stdio/read.o
 .debug_macro   0x00018654      0x3ca src/ASF/common/utils/stdio/read.o
 .debug_macro   0x00018a1e      0x6bc src/ASF/sam/drivers/usart/usart.o
 .debug_macro   0x000190da       0x28 src/ASF/sam/drivers/usart/usart.o
 .debug_macro   0x00019102      0x676 src/ASF/common/utils/stdio/write.o
 .debug_macro   0x00019778      0x686 src/ASF/sam/drivers/uart/uart.o
 .debug_macro   0x00019dfe       0x16 src/ASF/sam/drivers/uart/uart.o
 .debug_macro   0x00019e14      0x6f2 src/ASF/common/services/clock/same70/sysclk.o
 .debug_macro   0x0001a506      0x2bd src/ASF/common/services/clock/same70/sysclk.o
 .debug_macro   0x0001a7c3      0x676 src/ASF/common/utils/interrupt/interrupt_sam_nvic.o
 .debug_macro   0x0001ae39      0x72d src/ASF/sam/boards/same70_xplained/init.o
 .debug_macro   0x0001b566       0x58 src/ASF/sam/boards/same70_xplained/init.o
 .debug_macro   0x0001b5be       0x82 src/ASF/sam/boards/same70_xplained/init.o
 .debug_macro   0x0001b640       0x94 src/ASF/sam/boards/same70_xplained/init.o
 .debug_macro   0x0001b6d4      0x68c src/ASF/sam/drivers/pio/pio.o
 .debug_macro   0x0001bd60       0x8e src/ASF/sam/drivers/pio/pio.o
 .debug_macro   0x0001bdee      0x697 src/ASF/sam/drivers/pio/pio_handler.o
 .debug_macro   0x0001c485      0x68c src/ASF/sam/drivers/pmc/pmc.o
 .debug_macro   0x0001cb11       0x6a src/ASF/sam/drivers/pmc/pmc.o
 .debug_macro   0x0001cb7b      0x685 src/ASF/sam/utils/cmsis/same70/source/templates/gcc/startup_same70.o
 .debug_macro   0x0001d200       0x10 src/ASF/sam/utils/cmsis/same70/source/templates/gcc/startup_same70.o
 .debug_macro   0x0001d210      0x473 src/ASF/sam/utils/cmsis/same70/source/templates/system_same70.o
 .debug_macro   0x0001d683      0x1d6 src/ASF/sam/utils/syscalls/gcc/syscalls.o
 .debug_macro   0x0001d859       0x97 src/ASF/sam/utils/syscalls/gcc/syscalls.o
 .debug_macro   0x0001d8f0       0xf6 src/ASF/sam/utils/syscalls/gcc/syscalls.o
 .debug_macro   0x0001d9e6       0x4c src/ASF/sam/utils/syscalls/gcc/syscalls.o
 .debug_macro   0x0001da32       0x16 src/ASF/sam/utils/syscalls/gcc/syscalls.o
 .debug_macro   0x0001da48       0x10 src/ASF/sam/utils/syscalls/gcc/syscalls.o
 .debug_macro   0x0001da58       0x10 src/ASF/sam/utils/syscalls/gcc/syscalls.o
 .debug_macro   0x0001da68       0x35 src/ASF/sam/utils/syscalls/gcc/syscalls.o
 .debug_macro   0x0001da9d      0x122 src/ASF/sam/utils/syscalls/gcc/syscalls.o
 .debug_macro   0x0001dbbf      0x855 src/ioport_example3.o
 .debug_macro   0x0001e414       0x40 src/ioport_example3.o
 .debug_macro   0x0001e454      0x1c8 src/ioport_example3.o
 .debug_macro   0x0001e61c       0x16 src/ioport_example3.o
 .debug_macro   0x0001e632       0x1c src/ioport_example3.o
 .debug_macro   0x0001e64e       0x16 src/ioport_example3.o
 .debug_macro   0x0001e664       0x16 src/ioport_example3.o

.debug_line     0x00000000     0xa4c1
 .debug_line    0x00000000      0xa09 src/ASF/common/utils/stdio/read.o
 .debug_line    0x00000a09     0x1098 src/ASF/sam/drivers/usart/usart.o
 .debug_line    0x00001aa1      0xa01 src/ASF/common/utils/stdio/write.o
 .debug_line    0x000024a2      0xb9b src/ASF/sam/drivers/uart/uart.o
 .debug_line    0x0000303d      0xb71 src/ASF/common/services/clock/same70/sysclk.o
 .debug_line    0x00003bae      0xa22 src/ASF/common/utils/interrupt/interrupt_sam_nvic.o
 .debug_line    0x000045d0      0xbfd src/ASF/sam/boards/same70_xplained/init.o
 .debug_line    0x000051cd      0xf05 src/ASF/sam/drivers/pio/pio.o
 .debug_line    0x000060d2      0xae1 src/ASF/sam/drivers/pio/pio_handler.o
 .debug_line    0x00006bb3     0x107f src/ASF/sam/drivers/pmc/pmc.o
 .debug_line    0x00007c32      0xa95 src/ASF/sam/utils/cmsis/same70/source/templates/gcc/startup_same70.o
 .debug_line    0x000086c7      0x80a src/ASF/sam/utils/cmsis/same70/source/templates/system_same70.o
 .debug_line    0x00008ed1      0x40b src/ASF/sam/utils/syscalls/gcc/syscalls.o
 .debug_line    0x000092dc     0x11e5 src/ioport_example3.o

.debug_str      0x00000000    0x91b75
 .debug_str     0x00000000    0x87df8 src/ASF/common/utils/stdio/read.o
                              0x884d6 (size before relaxing)
 .debug_str     0x00087df8      0xba1 src/ASF/sam/drivers/usart/usart.o
                              0x89068 (size before relaxing)
 .debug_str     0x00088999       0x2e src/ASF/common/utils/stdio/write.o
                              0x884d7 (size before relaxing)
 .debug_str     0x000889c7      0x308 src/ASF/sam/drivers/uart/uart.o
                              0x887f4 (size before relaxing)
 .debug_str     0x00088ccf     0x46b3 src/ASF/common/services/clock/same70/sysclk.o
                              0x8cbbd (size before relaxing)
 .debug_str     0x0008d382       0x94 src/ASF/common/utils/interrupt/interrupt_sam_nvic.o
                              0x8852d (size before relaxing)
 .debug_str     0x0008d416     0x10cc src/ASF/sam/boards/same70_xplained/init.o
                              0x8d876 (size before relaxing)
 .debug_str     0x0008e4e2      0x5b0 src/ASF/sam/drivers/pio/pio.o
                              0x8908f (size before relaxing)
 .debug_str     0x0008ea92      0x4eb src/ASF/sam/drivers/pio/pio_handler.o
                              0x89256 (size before relaxing)
 .debug_str     0x0008ef7d      0x6aa src/ASF/sam/drivers/pmc/pmc.o
                              0x8921e (size before relaxing)
 .debug_str     0x0008f627      0x76f src/ASF/sam/utils/cmsis/same70/source/templates/gcc/startup_same70.o
                              0x88dc6 (size before relaxing)
 .debug_str     0x0008fd96      0x137 src/ASF/sam/utils/cmsis/same70/source/templates/system_same70.o
                              0x78466 (size before relaxing)
 .debug_str     0x0008fecd      0x774 src/ASF/sam/utils/syscalls/gcc/syscalls.o
                               0x744b (size before relaxing)
 .debug_str     0x00090641     0x1534 src/ioport_example3.o
                              0x8f077 (size before relaxing)

.debug_frame    0x00000000     0x214c
 .debug_frame   0x00000000       0x30 src/ASF/common/utils/stdio/read.o
 .debug_frame   0x00000030      0x5c0 src/ASF/sam/drivers/usart/usart.o
 .debug_frame   0x000005f0       0x48 src/ASF/common/utils/stdio/write.o
 .debug_frame   0x00000638      0x19c src/ASF/sam/drivers/uart/uart.o
 .debug_frame   0x000007d4       0x88 src/ASF/common/services/clock/same70/sysclk.o
 .debug_frame   0x0000085c       0x30 src/ASF/common/utils/interrupt/interrupt_sam_nvic.o
 .debug_frame   0x0000088c       0x28 src/ASF/sam/boards/same70_xplained/init.o
 .debug_frame   0x000008b4      0x390 src/ASF/sam/drivers/pio/pio.o
 .debug_frame   0x00000c44      0x110 src/ASF/sam/drivers/pio/pio_handler.o
 .debug_frame   0x00000d54      0x4ac src/ASF/sam/drivers/pmc/pmc.o
 .debug_frame   0x00001200       0x38 src/ASF/sam/utils/cmsis/same70/source/templates/gcc/startup_same70.o
 .debug_frame   0x00001238       0x40 src/ASF/sam/utils/cmsis/same70/source/templates/system_same70.o
 .debug_frame   0x00001278       0xa0 src/ASF/sam/utils/syscalls/gcc/syscalls.o
 .debug_frame   0x00001318       0xb4 src/ioport_example3.o
 .debug_frame   0x000013cc       0x2c c:/program files (x86)/atmel/studio/7.0/toolchain/arm/arm-gnu-toolchain/bin/../lib/gcc/arm-none-eabi/6.3.1/../../../../arm-none-eabi/lib/thumb/v7e-m\libc.a(lib_a-init.o)
 .debug_frame   0x000013f8       0x74 c:/program files (x86)/atmel/studio/7.0/toolchain/arm/arm-gnu-toolchain/bin/../lib/gcc/arm-none-eabi/6.3.1/../../../../arm-none-eabi/lib/thumb/v7e-m\libc.a(lib_a-iprintf.o)
 .debug_frame   0x0000146c       0x34 c:/program files (x86)/atmel/studio/7.0/toolchain/arm/arm-gnu-toolchain/bin/../lib/gcc/arm-none-eabi/6.3.1/../../../../arm-none-eabi/lib/thumb/v7e-m\libc.a(lib_a-memset.o)
 .debug_frame   0x000014a0       0x4c c:/program files (x86)/atmel/studio/7.0/toolchain/arm/arm-gnu-toolchain/bin/../lib/gcc/arm-none-eabi/6.3.1/../../../../arm-none-eabi/lib/thumb/v7e-m\libc.a(lib_a-puts.o)
 .debug_frame   0x000014ec       0x20 c:/program files (x86)/atmel/studio/7.0/toolchain/arm/arm-gnu-toolchain/bin/../lib/gcc/arm-none-eabi/6.3.1/../../../../arm-none-eabi/lib/thumb/v7e-m\libc.a(lib_a-setbuf.o)
 .debug_frame   0x0000150c       0x48 c:/program files (x86)/atmel/studio/7.0/toolchain/arm/arm-gnu-toolchain/bin/../lib/gcc/arm-none-eabi/6.3.1/../../../../arm-none-eabi/lib/thumb/v7e-m\libc.a(lib_a-setvbuf.o)
 .debug_frame   0x00001554       0xd8 c:/program files (x86)/atmel/studio/7.0/toolchain/arm/arm-gnu-toolchain/bin/../lib/gcc/arm-none-eabi/6.3.1/../../../../arm-none-eabi/lib/thumb/v7e-m\libc.a(lib_a-vfiprintf.o)
 .debug_frame   0x0000162c       0x2c c:/program files (x86)/atmel/studio/7.0/toolchain/arm/arm-gnu-toolchain/bin/../lib/gcc/arm-none-eabi/6.3.1/../../../../arm-none-eabi/lib/thumb/v7e-m\libc.a(lib_a-wsetup.o)
 .debug_frame   0x00001658       0x5c c:/program files (x86)/atmel/studio/7.0/toolchain/arm/arm-gnu-toolchain/bin/../lib/gcc/arm-none-eabi/6.3.1/../../../../arm-none-eabi/lib/thumb/v7e-m\libc.a(lib_a-__call_atexit.o)
 .debug_frame   0x000016b4       0x20 c:/program files (x86)/atmel/studio/7.0/toolchain/arm/arm-gnu-toolchain/bin/../lib/gcc/arm-none-eabi/6.3.1/../../../../arm-none-eabi/lib/thumb/v7e-m\libc.a(lib_a-atexit.o)
 .debug_frame   0x000016d4       0x5c c:/program files (x86)/atmel/studio/7.0/toolchain/arm/arm-gnu-toolchain/bin/../lib/gcc/arm-none-eabi/6.3.1/../../../../arm-none-eabi/lib/thumb/v7e-m\libc.a(lib_a-fflush.o)
 .debug_frame   0x00001730      0x148 c:/program files (x86)/atmel/studio/7.0/toolchain/arm/arm-gnu-toolchain/bin/../lib/gcc/arm-none-eabi/6.3.1/../../../../arm-none-eabi/lib/thumb/v7e-m\libc.a(lib_a-findfp.o)
 .debug_frame   0x00001878       0x34 c:/program files (x86)/atmel/studio/7.0/toolchain/arm/arm-gnu-toolchain/bin/../lib/gcc/arm-none-eabi/6.3.1/../../../../arm-none-eabi/lib/thumb/v7e-m\libc.a(lib_a-fini.o)
 .debug_frame   0x000018ac       0x94 c:/program files (x86)/atmel/studio/7.0/toolchain/arm/arm-gnu-toolchain/bin/../lib/gcc/arm-none-eabi/6.3.1/../../../../arm-none-eabi/lib/thumb/v7e-m\libc.a(lib_a-fputwc.o)
 .debug_frame   0x00001940       0x74 c:/program files (x86)/atmel/studio/7.0/toolchain/arm/arm-gnu-toolchain/bin/../lib/gcc/arm-none-eabi/6.3.1/../../../../arm-none-eabi/lib/thumb/v7e-m\libc.a(lib_a-freer.o)
 .debug_frame   0x000019b4       0x68 c:/program files (x86)/atmel/studio/7.0/toolchain/arm/arm-gnu-toolchain/bin/../lib/gcc/arm-none-eabi/6.3.1/../../../../arm-none-eabi/lib/thumb/v7e-m\libc.a(lib_a-fvwrite.o)
 .debug_frame   0x00001a1c       0x54 c:/program files (x86)/atmel/studio/7.0/toolchain/arm/arm-gnu-toolchain/bin/../lib/gcc/arm-none-eabi/6.3.1/../../../../arm-none-eabi/lib/thumb/v7e-m\libc.a(lib_a-fwalk.o)
 .debug_frame   0x00001a70       0x6c c:/program files (x86)/atmel/studio/7.0/toolchain/arm/arm-gnu-toolchain/bin/../lib/gcc/arm-none-eabi/6.3.1/../../../../arm-none-eabi/lib/thumb/v7e-m\libc.a(lib_a-locale.o)
 .debug_frame   0x00001adc       0xb0 c:/program files (x86)/atmel/studio/7.0/toolchain/arm/arm-gnu-toolchain/bin/../lib/gcc/arm-none-eabi/6.3.1/../../../../arm-none-eabi/lib/thumb/v7e-m\libc.a(lib_a-lock.o)
 .debug_frame   0x00001b8c       0x68 c:/program files (x86)/atmel/studio/7.0/toolchain/arm/arm-gnu-toolchain/bin/../lib/gcc/arm-none-eabi/6.3.1/../../../../arm-none-eabi/lib/thumb/v7e-m\libc.a(lib_a-makebuf.o)
 .debug_frame   0x00001bf4       0x30 c:/program files (x86)/atmel/studio/7.0/toolchain/arm/arm-gnu-toolchain/bin/../lib/gcc/arm-none-eabi/6.3.1/../../../../arm-none-eabi/lib/thumb/v7e-m\libc.a(lib_a-malloc.o)
 .debug_frame   0x00001c24       0x58 c:/program files (x86)/atmel/studio/7.0/toolchain/arm/arm-gnu-toolchain/bin/../lib/gcc/arm-none-eabi/6.3.1/../../../../arm-none-eabi/lib/thumb/v7e-m\libc.a(lib_a-mallocr.o)
 .debug_frame   0x00001c7c       0x4c c:/program files (x86)/atmel/studio/7.0/toolchain/arm/arm-gnu-toolchain/bin/../lib/gcc/arm-none-eabi/6.3.1/../../../../arm-none-eabi/lib/thumb/v7e-m\libc.a(lib_a-mbtowc_r.o)
 .debug_frame   0x00001cc8       0x30 c:/program files (x86)/atmel/studio/7.0/toolchain/arm/arm-gnu-toolchain/bin/../lib/gcc/arm-none-eabi/6.3.1/../../../../arm-none-eabi/lib/thumb/v7e-m\libc.a(lib_a-memmove.o)
 .debug_frame   0x00001cf8       0x30 c:/program files (x86)/atmel/studio/7.0/toolchain/arm/arm-gnu-toolchain/bin/../lib/gcc/arm-none-eabi/6.3.1/../../../../arm-none-eabi/lib/thumb/v7e-m\libc.a(lib_a-mlock.o)
 .debug_frame   0x00001d28       0x68 c:/program files (x86)/atmel/studio/7.0/toolchain/arm/arm-gnu-toolchain/bin/../lib/gcc/arm-none-eabi/6.3.1/../../../../arm-none-eabi/lib/thumb/v7e-m\libc.a(lib_a-reallocr.o)
 .debug_frame   0x00001d90       0x2c c:/program files (x86)/atmel/studio/7.0/toolchain/arm/arm-gnu-toolchain/bin/../lib/gcc/arm-none-eabi/6.3.1/../../../../arm-none-eabi/lib/thumb/v7e-m\libc.a(lib_a-sbrkr.o)
 .debug_frame   0x00001dbc       0x88 c:/program files (x86)/atmel/studio/7.0/toolchain/arm/arm-gnu-toolchain/bin/../lib/gcc/arm-none-eabi/6.3.1/../../../../arm-none-eabi/lib/thumb/v7e-m\libc.a(lib_a-stdio.o)
 .debug_frame   0x00001e44       0x40 c:/program files (x86)/atmel/studio/7.0/toolchain/arm/arm-gnu-toolchain/bin/../lib/gcc/arm-none-eabi/6.3.1/../../../../arm-none-eabi/lib/thumb/v7e-m\libc.a(lib_a-wbuf.o)
 .debug_frame   0x00001e84       0x5c c:/program files (x86)/atmel/studio/7.0/toolchain/arm/arm-gnu-toolchain/bin/../lib/gcc/arm-none-eabi/6.3.1/../../../../arm-none-eabi/lib/thumb/v7e-m\libc.a(lib_a-wcrtomb.o)
 .debug_frame   0x00001ee0       0x3c c:/program files (x86)/atmel/studio/7.0/toolchain/arm/arm-gnu-toolchain/bin/../lib/gcc/arm-none-eabi/6.3.1/../../../../arm-none-eabi/lib/thumb/v7e-m\libc.a(lib_a-wctomb_r.o)
 .debug_frame   0x00001f1c       0x2c c:/program files (x86)/atmel/studio/7.0/toolchain/arm/arm-gnu-toolchain/bin/../lib/gcc/arm-none-eabi/6.3.1/../../../../arm-none-eabi/lib/thumb/v7e-m\libc.a(lib_a-writer.o)
 .debug_frame   0x00001f48       0x34 c:/program files (x86)/atmel/studio/7.0/toolchain/arm/arm-gnu-toolchain/bin/../lib/gcc/arm-none-eabi/6.3.1/../../../../arm-none-eabi/lib/thumb/v7e-m\libc.a(lib_a-__atexit.o)
 .debug_frame   0x00001f7c       0x2c c:/program files (x86)/atmel/studio/7.0/toolchain/arm/arm-gnu-toolchain/bin/../lib/gcc/arm-none-eabi/6.3.1/../../../../arm-none-eabi/lib/thumb/v7e-m\libc.a(lib_a-closer.o)
 .debug_frame   0x00001fa8       0x3c c:/program files (x86)/atmel/studio/7.0/toolchain/arm/arm-gnu-toolchain/bin/../lib/gcc/arm-none-eabi/6.3.1/../../../../arm-none-eabi/lib/thumb/v7e-m\libc.a(lib_a-fclose.o)
 .debug_frame   0x00001fe4       0x2c c:/program files (x86)/atmel/studio/7.0/toolchain/arm/arm-gnu-toolchain/bin/../lib/gcc/arm-none-eabi/6.3.1/../../../../arm-none-eabi/lib/thumb/v7e-m\libc.a(lib_a-fstatr.o)
 .debug_frame   0x00002010       0x2c c:/program files (x86)/atmel/studio/7.0/toolchain/arm/arm-gnu-toolchain/bin/../lib/gcc/arm-none-eabi/6.3.1/../../../../arm-none-eabi/lib/thumb/v7e-m\libc.a(lib_a-isattyr.o)
 .debug_frame   0x0000203c       0x2c c:/program files (x86)/atmel/studio/7.0/toolchain/arm/arm-gnu-toolchain/bin/../lib/gcc/arm-none-eabi/6.3.1/../../../../arm-none-eabi/lib/thumb/v7e-m\libc.a(lib_a-lseekr.o)
 .debug_frame   0x00002068       0x2c c:/program files (x86)/atmel/studio/7.0/toolchain/arm/arm-gnu-toolchain/bin/../lib/gcc/arm-none-eabi/6.3.1/../../../../arm-none-eabi/lib/thumb/v7e-m\libc.a(lib_a-readr.o)
 .debug_frame   0x00002094       0x58 c:/program files (x86)/atmel/studio/7.0/toolchain/arm/arm-gnu-toolchain/bin/../lib/gcc/arm-none-eabi/6.3.1/../../../../arm-none-eabi/lib/thumb/v7e-m\libc.a(lib_a-reent.o)
 .debug_frame   0x000020ec       0x2c c:/program files (x86)/atmel/studio/7.0/toolchain/arm/arm-gnu-toolchain/bin/../lib/gcc/arm-none-eabi/6.3.1/thumb/v7e-m\libgcc.a(_aeabi_uldivmod.o)
 .debug_frame   0x00002118       0x34 c:/program files (x86)/atmel/studio/7.0/toolchain/arm/arm-gnu-toolchain/bin/../lib/gcc/arm-none-eabi/6.3.1/thumb/v7e-m\libgcc.a(_udivmoddi4.o)

Cross Reference Table

Symbol                                            File
ACC_Handler                                       src/ASF/sam/utils/cmsis/same70/source/templates/gcc/startup_same70.o
AES_Handler                                       src/ASF/sam/utils/cmsis/same70/source/templates/gcc/startup_same70.o
AFEC0_Handler                                     src/ASF/sam/utils/cmsis/same70/source/templates/gcc/startup_same70.o
AFEC1_Handler                                     src/ASF/sam/utils/cmsis/same70/source/templates/gcc/startup_same70.o
BusFault_Handler                                  src/ASF/sam/utils/cmsis/same70/source/templates/gcc/startup_same70.o
CCF_Handler                                       src/ASF/sam/utils/cmsis/same70/source/templates/gcc/startup_same70.o
CCW_Handler                                       src/ASF/sam/utils/cmsis/same70/source/templates/gcc/startup_same70.o
DACC_Handler                                      src/ASF/sam/utils/cmsis/same70/source/templates/gcc/startup_same70.o
DebugMon_Handler                                  src/ASF/sam/utils/cmsis/same70/source/templates/gcc/startup_same70.o
Dummy_Handler                                     src/ASF/sam/utils/cmsis/same70/source/templates/gcc/startup_same70.o
EFC_Handler                                       src/ASF/sam/utils/cmsis/same70/source/templates/gcc/startup_same70.o
FPU_Handler                                       src/ASF/sam/utils/cmsis/same70/source/templates/gcc/startup_same70.o
GMAC_Handler                                      src/ASF/sam/utils/cmsis/same70/source/templates/gcc/startup_same70.o
GMAC_Q1_Handler                                   src/ASF/sam/utils/cmsis/same70/source/templates/gcc/startup_same70.o
GMAC_Q2_Handler                                   src/ASF/sam/utils/cmsis/same70/source/templates/gcc/startup_same70.o
GMAC_Q3_Handler                                   src/ASF/sam/utils/cmsis/same70/source/templates/gcc/startup_same70.o
GMAC_Q4_Handler                                   src/ASF/sam/utils/cmsis/same70/source/templates/gcc/startup_same70.o
GMAC_Q5_Handler                                   src/ASF/sam/utils/cmsis/same70/source/templates/gcc/startup_same70.o
HSMCI_Handler                                     src/ASF/sam/utils/cmsis/same70/source/templates/gcc/startup_same70.o
HardFault_Handler                                 src/ASF/sam/utils/cmsis/same70/source/templates/gcc/startup_same70.o
I2SC0_Handler                                     src/ASF/sam/utils/cmsis/same70/source/templates/gcc/startup_same70.o
I2SC1_Handler                                     src/ASF/sam/utils/cmsis/same70/source/templates/gcc/startup_same70.o
ICM_Handler                                       src/ASF/sam/utils/cmsis/same70/source/templates/gcc/startup_same70.o
ISI_Handler                                       src/ASF/sam/utils/cmsis/same70/source/templates/gcc/startup_same70.o
IXC_Handler                                       src/ASF/sam/utils/cmsis/same70/source/templates/gcc/startup_same70.o
MCAN0_INT0_Handler                                src/ASF/sam/utils/cmsis/same70/source/templates/gcc/startup_same70.o
MCAN0_INT1_Handler                                src/ASF/sam/utils/cmsis/same70/source/templates/gcc/startup_same70.o
MCAN1_INT0_Handler                                src/ASF/sam/utils/cmsis/same70/source/templates/gcc/startup_same70.o
MCAN1_INT1_Handler                                src/ASF/sam/utils/cmsis/same70/source/templates/gcc/startup_same70.o
MemManage_Handler                                 src/ASF/sam/utils/cmsis/same70/source/templates/gcc/startup_same70.o
NMI_Handler                                       src/ASF/sam/utils/cmsis/same70/source/templates/gcc/startup_same70.o
PIOA_Handler                                      src/ASF/sam/drivers/pio/pio_handler.o
PIOB_Handler                                      src/ASF/sam/drivers/pio/pio_handler.o